Archive member included to satisfy reference by file (symbol)

D:\STM32\STM32_lib\SDK_1.0.3_NUCLEO-F401RE\lib_stm\libLibraries.a(system_stm32f4xx.o)
                              ./Src/main.o (SystemCoreClockUpdate)
D:\STM32\STM32_lib\SDK_1.0.3_NUCLEO-F401RE\lib_stm\libLibraries.a(eventbutton.o)
                              ./Src/main.o (EventButton_Init)
D:\STM32\STM32_lib\SDK_1.0.3_NUCLEO-F401RE\lib_stm\libLibraries.a(buzzer.o)
                              ./Src/main.o (BuzzerControl_Init)
D:\STM32\STM32_lib\SDK_1.0.3_NUCLEO-F401RE\lib_stm\libLibraries.a(melody.o)
                              ./Src/main.o (pbeep)
D:\STM32\STM32_lib\SDK_1.0.3_NUCLEO-F401RE\lib_stm\libLibraries.a(led.o)
                              ./Src/main.o (LedControl_Init)
D:\STM32\STM32_lib\SDK_1.0.3_NUCLEO-F401RE\lib_stm\libLibraries.a(eventman.o)
                              ./Src/main.o (EventSchedulerInit)
D:\STM32\STM32_lib\SDK_1.0.3_NUCLEO-F401RE\lib_stm\libLibraries.a(timer.o)
                              ./Src/main.o (TimerInit)
D:\STM32\STM32_lib\SDK_1.0.3_NUCLEO-F401RE\lib_stm\libLibraries.a(lightsensor.o)
                              ./Src/main.o (LightSensor_Init)
D:\STM32\STM32_lib\SDK_1.0.3_NUCLEO-F401RE\lib_stm\libLibraries.a(temhumsensor.o)
                              ./Src/main.o (TemHumSensor_Init)
D:\STM32\STM32_lib\SDK_1.0.3_NUCLEO-F401RE\lib_stm\libLibraries.a(serial.o)
                              D:\STM32\STM32_lib\SDK_1.0.3_NUCLEO-F401RE\lib_stm\libLibraries.a(eventbutton.o) (Serial_SendPacket)
D:\STM32\STM32_lib\SDK_1.0.3_NUCLEO-F401RE\lib_stm\libLibraries.a(Ucglib.o)
                              ./Src/main.o (Ucglib4WireSWSPI_begin)
D:\STM32\STM32_lib\SDK_1.0.3_NUCLEO-F401RE\lib_stm\libLibraries.a(ucg_box.o)
                              ./Src/main.o (ucg_ClearScreen)
D:\STM32\STM32_lib\SDK_1.0.3_NUCLEO-F401RE\lib_stm\libLibraries.a(ucg_ccs.o)
                              D:\STM32\STM32_lib\SDK_1.0.3_NUCLEO-F401RE\lib_stm\libLibraries.a(ucg_box.o) (ucg_ccs_init)
D:\STM32\STM32_lib\SDK_1.0.3_NUCLEO-F401RE\lib_stm\libLibraries.a(ucg_circle.o)
                              D:\STM32\STM32_lib\SDK_1.0.3_NUCLEO-F401RE\lib_stm\libLibraries.a(ucg_box.o) (ucg_DrawCircle)
D:\STM32\STM32_lib\SDK_1.0.3_NUCLEO-F401RE\lib_stm\libLibraries.a(ucg_dev_default_cb.o)
                              D:\STM32\STM32_lib\SDK_1.0.3_NUCLEO-F401RE\lib_stm\libLibraries.a(Ucglib.o) (ucg_dev_default_cb)
D:\STM32\STM32_lib\SDK_1.0.3_NUCLEO-F401RE\lib_stm\libLibraries.a(ucg_dev_ic_st7735.o)
                              D:\STM32\STM32_lib\SDK_1.0.3_NUCLEO-F401RE\lib_stm\libLibraries.a(Ucglib.o) (ucg_ext_st7735_18)
D:\STM32\STM32_lib\SDK_1.0.3_NUCLEO-F401RE\lib_stm\libLibraries.a(ucg_dev_msg_api.o)
                              D:\STM32\STM32_lib\SDK_1.0.3_NUCLEO-F401RE\lib_stm\libLibraries.a(ucg_box.o) (ucg_SetMaxClipRange)
D:\STM32\STM32_lib\SDK_1.0.3_NUCLEO-F401RE\lib_stm\libLibraries.a(ucg_dev_tft_128x128_st7735.o)
                              D:\STM32\STM32_lib\SDK_1.0.3_NUCLEO-F401RE\lib_stm\libLibraries.a(Ucglib.o) (ucg_dev_st7735_18x128x128)
D:\STM32\STM32_lib\SDK_1.0.3_NUCLEO-F401RE\lib_stm\libLibraries.a(ucg_font.o)
                              D:\STM32\STM32_lib\SDK_1.0.3_NUCLEO-F401RE\lib_stm\libLibraries.a(Ucglib.o) (ucg_SetFontMode)
D:\STM32\STM32_lib\SDK_1.0.3_NUCLEO-F401RE\lib_stm\libLibraries.a(ucg_init.o)
                              D:\STM32\STM32_lib\SDK_1.0.3_NUCLEO-F401RE\lib_stm\libLibraries.a(Ucglib.o) (ucg_Init)
D:\STM32\STM32_lib\SDK_1.0.3_NUCLEO-F401RE\lib_stm\libLibraries.a(ucg_line.o)
                              D:\STM32\STM32_lib\SDK_1.0.3_NUCLEO-F401RE\lib_stm\libLibraries.a(ucg_font.o) (ucg_Draw90Line)
D:\STM32\STM32_lib\SDK_1.0.3_NUCLEO-F401RE\lib_stm\libLibraries.a(ucg_pixel.o)
                              ./Src/main.o (ucg_SetColor)
D:\STM32\STM32_lib\SDK_1.0.3_NUCLEO-F401RE\lib_stm\libLibraries.a(ucg_pixel_font_data.o)
                              ./Src/main.o (ucg_font_helvR08_tf)
D:\STM32\STM32_lib\SDK_1.0.3_NUCLEO-F401RE\lib_stm\libLibraries.a(ucg_rotate.o)
                              ./Src/main.o (ucg_SetRotate180)
D:\STM32\STM32_lib\SDK_1.0.3_NUCLEO-F401RE\lib_stm\libLibraries.a(buff.o)
                              D:\STM32\STM32_lib\SDK_1.0.3_NUCLEO-F401RE\lib_stm\libLibraries.a(eventman.o) (bufInit)
D:\STM32\STM32_lib\SDK_1.0.3_NUCLEO-F401RE\lib_stm\libLibraries.a(utilities.o)
                              D:\STM32\STM32_lib\SDK_1.0.3_NUCLEO-F401RE\lib_stm\libLibraries.a(timer.o) (memsetl)
D:\STM32\STM32_lib\SDK_1.0.3_NUCLEO-F401RE\lib_stm\libLibraries.a(misc.o)
                              D:\STM32\STM32_lib\SDK_1.0.3_NUCLEO-F401RE\lib_stm\libLibraries.a(serial.o) (NVIC_PriorityGroupConfig)
D:\STM32\STM32_lib\SDK_1.0.3_NUCLEO-F401RE\lib_stm\libLibraries.a(stm32f401re_adc.o)
                              D:\STM32\STM32_lib\SDK_1.0.3_NUCLEO-F401RE\lib_stm\libLibraries.a(lightsensor.o) (ADC_DeInit)
[...]
Memory Configuration

Name             Origin             Length             Attributes
RAM              0x0000000020000000 0x0000000000018000 xrw
FLASH            0x0000000008000000 0x0000000000080000 xr
*default*        0x0000000000000000 0xffffffffffffffff

Linker script and memory map

LOAD D:/STM32/STM32CubeIDE/STM32CubeIDE_1.13.1/STM32CubeIDE/plugins/com.st.stm32cube.ide.mcu.externaltools.gnu-tools-for-stm32.11.3.rel1.win32_1.1.0.202305231506/tools/bin/../lib/gcc/arm-none-eabi/11.3.1/thumb/v7e-m+fp/hard/crti.o
LOAD D:/STM32/STM32CubeIDE/STM32CubeIDE_1.13.1/STM32CubeIDE/plugins/com.st.stm32cube.ide.mcu.externaltools.gnu-tools-for-stm32.11.3.rel1.win32_1.1.0.202305231506/tools/bin/../lib/gcc/arm-none-eabi/11.3.1/thumb/v7e-m+fp/hard/crtbegin.o
LOAD D:/STM32/STM32CubeIDE/STM32CubeIDE_1.13.1/STM32CubeIDE/plugins/com.st.stm32cube.ide.mcu.externaltools.gnu-tools-for-stm32.11.3.rel1.win32_1.1.0.202305231506/tools/bin/../lib/gcc/arm-none-eabi/11.3.1/../../../../arm-none-eabi/lib/thumb/v7e-m+fp/hard/crt0.o
LOAD ./Src/main.o
LOAD ./Src/syscalls.o
LOAD ./Src/sysmem.o
LOAD ./Startup/startup_stm32f401retx.o
LOAD D:\STM32\STM32_lib\SDK_1.0.3_NUCLEO-F401RE\lib_stm\libLibraries.a
START GROUP
LOAD D:/STM32/STM32CubeIDE/STM32CubeIDE_1.13.1/STM32CubeIDE/plugins/com.st.stm32cube.ide.mcu.externaltools.gnu-tools-for-stm32.11.3.rel1.win32_1.1.0.202305231506/tools/bin/../lib/gcc/arm-none-eabi/11.3.1/../../../../arm-none-eabi/lib/thumb/v7e-m+fp/hard\libc_nano.a
LOAD D:/STM32/STM32CubeIDE/STM32CubeIDE_1.13.1/STM32CubeIDE/plugins/com.st.stm32cube.ide.mcu.externaltools.gnu-tools-for-stm32.11.3.rel1.win32_1.1.0.202305231506/tools/bin/../lib/gcc/arm-none-eabi/11.3.1/../../../../arm-none-eabi/lib/thumb/v7e-m+fp/hard\libm.a
END GROUP
START GROUP
LOAD D:/STM32/STM32CubeIDE/STM32CubeIDE_1.13.1/STM32CubeIDE/plugins/com.st.stm32cube.ide.mcu.externaltools.gnu-tools-for-stm32.11.3.rel1.win32_1.1.0.202305231506/tools/bin/../lib/gcc/arm-none-eabi/11.3.1/thumb/v7e-m+fp/hard\libgcc.a
LOAD D:/STM32/STM32CubeIDE/STM32CubeIDE_1.13.1/STM32CubeIDE/plugins/com.st.stm32cube.ide.mcu.externaltools.gnu-tools-for-stm32.11.3.rel1.win32_1.1.0.202305231506/tools/bin/../lib/gcc/arm-none-eabi/11.3.1/../../../../arm-none-eabi/lib/thumb/v7e-m+fp/hard\libc_nano.a
END GROUP
START GROUP
LOAD D:/STM32/STM32CubeIDE/STM32CubeIDE_1.13.1/STM32CubeIDE/plugins/com.st.stm32cube.ide.mcu.externaltools.gnu-tools-for-stm32.11.3.rel1.win32_1.1.0.202305231506/tools/bin/../lib/gcc/arm-none-eabi/11.3.1/thumb/v7e-m+fp/hard\libgcc.a
LOAD D:/STM32/STM32CubeIDE/STM32CubeIDE_1.13.1/STM32CubeIDE/plugins/com.st.stm32cube.ide.mcu.externaltools.gnu-tools-for-stm32.11.3.rel1.win32_1.1.0.202305231506/tools/bin/../lib/gcc/arm-none-eabi/11.3.1/../../../../arm-none-eabi/lib/thumb/v7e-m+fp/hard\libc_nano.a
LOAD D:/STM32/STM32CubeIDE/STM32CubeIDE_1.13.1/STM32CubeIDE/plugins/com.st.stm32cube.ide.mcu.externaltools.gnu-tools-for-stm32.11.3.rel1.win32_1.1.0.202305231506/tools/bin/../lib/gcc/arm-none-eabi/11.3.1/../../../../arm-none-eabi/lib/thumb/v7e-m+fp/hard\libnosys.a
END GROUP
START GROUP
LOAD D:/STM32/STM32CubeIDE/STM32CubeIDE_1.13.1/STM32CubeIDE/plugins/com.st.stm32cube.ide.mcu.externaltools.gnu-tools-for-stm32.11.3.rel1.win32_1.1.0.202305231506/tools/bin/../lib/gcc/arm-none-eabi/11.3.1/thumb/v7e-m+fp/hard\libgcc.a
LOAD D:/STM32/STM32CubeIDE/STM32CubeIDE_1.13.1/STM32CubeIDE/plugins/com.st.stm32cube.ide.mcu.externaltools.gnu-tools-for-stm32.11.3.rel1.win32_1.1.0.202305231506/tools/bin/../lib/gcc/arm-none-eabi/11.3.1/../../../../arm-none-eabi/lib/thumb/v7e-m+fp/hard\libc_nano.a
LOAD D:/STM32/STM32CubeIDE/STM32CubeIDE_1.13.1/STM32CubeIDE/plugins/com.st.stm32cube.ide.mcu.externaltools.gnu-tools-for-stm32.11.3.rel1.win32_1.1.0.202305231506/tools/bin/../lib/gcc/arm-none-eabi/11.3.1/../../../../arm-none-eabi/lib/thumb/v7e-m+fp/hard\libnosys.a
END GROUP
LOAD D:/STM32/STM32CubeIDE/STM32CubeIDE_1.13.1/STM32CubeIDE/plugins/com.st.stm32cube.ide.mcu.externaltools.gnu-tools-for-stm32.11.3.rel1.win32_1.1.0.202305231506/tools/bin/../lib/gcc/arm-none-eabi/11.3.1/thumb/v7e-m+fp/hard/crtend.o
LOAD D:/STM32/STM32CubeIDE/STM32CubeIDE_1.13.1/STM32CubeIDE/plugins/com.st.stm32cube.ide.mcu.externaltools.gnu-tools-for-stm32.11.3.rel1.win32_1.1.0.202305231506/tools/bin/../lib/gcc/arm-none-eabi/11.3.1/thumb/v7e-m+fp/hard/crtn.o
                0x0000000020018000                _estack = (ORIGIN (RAM) + LENGTH (RAM))
                0x0000000000000200                _Min_Heap_Size = 0x200
                0x0000000000000400                _Min_Stack_Size = 0x400

.isr_vector     0x0000000008000000      0x194
                0x0000000008000000                . = ALIGN (0x4)
 *(.isr_vector)
 .isr_vector    0x0000000008000000      0x194 ./Startup/startup_stm32f401retx.o
                0x0000000008000000                g_pfnVectors
                0x0000000008000194                . = ALIGN (0x4)

.text           0x00000000080001a0     0x66ac
                0x00000000080001a0                . = ALIGN (0x4)
 *(.text)
 .text          0x00000000080001a0       0x40 D:/STM32/STM32CubeIDE/STM32CubeIDE_1.13.1/STM32CubeIDE/plugins/com.st.stm32cube.ide.mcu.externaltools.gnu-tools-for-stm32.11.3.rel1.win32_1.1.0.202305231506/tools/bin/../lib/gcc/arm-none-eabi/11.3.1/thumb/v7e-m+fp/hard/crtbegin.o
 .text          0x00000000080001e0       0xa0 D:/STM32/STM32CubeIDE/STM32CubeIDE_1.13.1/STM32CubeIDE/plugins/com.st.stm32cube.ide.mcu.externaltools.gnu-tools-for-stm32.11.3.rel1.win32_1.1.0.202305231506/tools/bin/../lib/gcc/arm-none-eabi/11.3.1/../../../../arm-none-eabi/lib/thumb/v7e-m+fp/hard\libc_nano.a(libc_a-memchr.o)
                0x00000000080001e0                memchr
 *(.text*)
 .text.AppInitCommon
                0x0000000008000280       0x78 ./Src/main.o
                0x0000000008000280                AppInitCommon
 .text.AppStateManager
                0x00000000080002f8       0x50 ./Src/main.o
 .text.SetStateApp
                0x0000000008000348       0x20 ./Src/main.o
 .text.GetStateApp
                0x0000000008000368       0x18 ./Src/main.o
 .text.LoadConfiguration
                0x0000000008000380       0x4c ./Src/main.o
                0x0000000008000380                LoadConfiguration
 .text.blinkLed
                0x00000000080003cc       0x50 ./Src/main.o
                0x00000000080003cc                blinkLed
 .text.DeviceStateMachine
                0x000000000800041c      0x3c4 ./Src/main.o
                0x000000000800041c                DeviceStateMachine
 .text.LedUp    0x00000000080007e0       0x38 ./Src/main.o
                0x00000000080007e0                LedUp
 .text.LedDown  0x0000000008000818       0x38 ./Src/main.o
                0x0000000008000818                LedDown
 .text.Task_multiSensorScan
                0x0000000008000850       0xcc ./Src/main.o
                0x0000000008000850                Task_multiSensorScan
 .text.cancleTimer
                0x000000000800091c       0x28 ./Src/main.o
                0x000000000800091c                cancleTimer
 .text.MultiSensorScan
                0x0000000008000944       0x5c ./Src/main.o
                0x0000000008000944                MultiSensorScan
 .text.main     0x00000000080009a0       0x30 ./Src/main.o
                0x00000000080009a0                main
 .text._sbrk    0x00000000080009d0       0x6c ./Src/sysmem.o
                0x00000000080009d0                _sbrk
 .text.Reset_Handler
                0x0000000008000a3c       0x50 ./Startup/startup_stm32f401retx.o
                0x0000000008000a3c                Reset_Handler
 .text.Default_Handler
                0x0000000008000a8c        0x2 ./Startup/startup_stm32f401retx.o
                0x0000000008000a8c                EXTI2_IRQHandler
                0x0000000008000a8c                DebugMon_Handler
                0x0000000008000a8c                SPI4_IRQHandler
                0x0000000008000a8c                TIM1_CC_IRQHandler
                0x0000000008000a8c                DMA2_Stream5_IRQHandler
                0x0000000008000a8c                HardFault_Handler
                0x0000000008000a8c                DMA1_Stream5_IRQHandler
                0x0000000008000a8c                SDIO_IRQHandler
                0x0000000008000a8c                TAMP_STAMP_IRQHandler
                0x0000000008000a8c                PendSV_Handler
                0x0000000008000a8c                NMI_Handler
                0x0000000008000a8c                EXTI3_IRQHandler
                0x0000000008000a8c                TIM1_UP_TIM10_IRQHandler
                0x0000000008000a8c                I2C3_ER_IRQHandler
                0x0000000008000a8c                EXTI18_OTG_FS_WKUP_IRQHandler
                0x0000000008000a8c                EXTI0_IRQHandler
                0x0000000008000a8c                I2C2_EV_IRQHandler
                0x0000000008000a8c                DMA1_Stream2_IRQHandler
                0x0000000008000a8c                UsageFault_Handler
                0x0000000008000a8c                DMA2_Stream2_IRQHandler
                0x0000000008000a8c                SPI1_IRQHandler
                0x0000000008000a8c                TIM1_BRK_TIM9_IRQHandler
                0x0000000008000a8c                DMA2_Stream3_IRQHandler
                0x0000000008000a8c                USART6_IRQHandler
                0x0000000008000a8c                DMA2_Stream0_IRQHandler
                0x0000000008000a8c                TIM4_IRQHandler
                0x0000000008000a8c                I2C1_EV_IRQHandler
                0x0000000008000a8c                DMA1_Stream6_IRQHandler
                0x0000000008000a8c                DMA1_Stream1_IRQHandler
                0x0000000008000a8c                TIM3_IRQHandler
                0x0000000008000a8c                RCC_IRQHandler
                0x0000000008000a8c                Default_Handler
                0x0000000008000a8c                EXTI15_10_IRQHandler
                0x0000000008000a8c                ADC_IRQHandler
                0x0000000008000a8c                DMA1_Stream7_IRQHandler
                0x0000000008000a8c                TIM5_IRQHandler
                0x0000000008000a8c                DMA2_Stream7_IRQHandler
                0x0000000008000a8c                I2C3_EV_IRQHandler
                0x0000000008000a8c                EXTI9_5_IRQHandler
                0x0000000008000a8c                SPI2_IRQHandler
                0x0000000008000a8c                MemManage_Handler
                0x0000000008000a8c                DMA1_Stream0_IRQHandler
                0x0000000008000a8c                SVC_Handler
                0x0000000008000a8c                EXTI4_IRQHandler
                0x0000000008000a8c                EXTI22_RTC_WKUP_IRQHandler
                0x0000000008000a8c                TIM2_IRQHandler
                0x0000000008000a8c                EXTI16_PVD_IRQHandler
                0x0000000008000a8c                TIM1_TRG_COM_TIM11_IRQHandler
                0x0000000008000a8c                EXTI1_IRQHandler
                0x0000000008000a8c                EXTI17_RTC_Alarm_IRQHandler
                0x0000000008000a8c                I2C2_ER_IRQHandler
                0x0000000008000a8c                DMA2_Stream1_IRQHandler
                0x0000000008000a8c                FLASH_IRQHandler
                0x0000000008000a8c                DMA2_Stream4_IRQHandler
                0x0000000008000a8c                BusFault_Handler
                0x0000000008000a8c                USART1_IRQHandler
                0x0000000008000a8c                OTG_FS_IRQHandler
                0x0000000008000a8c                SPI3_IRQHandler
                0x0000000008000a8c                DMA1_Stream4_IRQHandler
                0x0000000008000a8c                I2C1_ER_IRQHandler
                0x0000000008000a8c                DMA2_Stream6_IRQHandler
                0x0000000008000a8c                DMA1_Stream3_IRQHandler
 *fill*         0x0000000008000a8e        0x2 
 .text.SystemInit
                0x0000000008000a90       0x6c D:\STM32\STM32_lib\SDK_1.0.3_NUCLEO-F401RE\lib_stm\libLibraries.a(system_stm32f4xx.o)
                0x0000000008000a90                SystemInit
 .text.SystemCoreClockUpdate
                0x0000000008000afc       0xf8 D:\STM32\STM32_lib\SDK_1.0.3_NUCLEO-F401RE\lib_stm\libLibraries.a(system_stm32f4xx.o)
                0x0000000008000afc                SystemCoreClockUpdate
 .text.SetSysClock
                0x0000000008000bf4       0xa0 D:\STM32\STM32_lib\SDK_1.0.3_NUCLEO-F401RE\lib_stm\libLibraries.a(system_stm32f4xx.o)
 .text.EventButton_Init
                0x0000000008000c94       0x6c D:\STM32\STM32_lib\SDK_1.0.3_NUCLEO-F401RE\lib_stm\libLibraries.a(eventbutton.o)
                0x0000000008000c94                EventButton_Init
 .text.ButtonProcessEventEdge
                0x0000000008000d00       0x34 D:\STM32\STM32_lib\SDK_1.0.3_NUCLEO-F401RE\lib_stm\libLibraries.a(eventbutton.o)
 .text.ButtonProcessEventPress
                0x0000000008000d34       0x48 D:\STM32\STM32_lib\SDK_1.0.3_NUCLEO-F401RE\lib_stm\libLibraries.a(eventbutton.o)
 .text.ButtonProcessEventHold
                0x0000000008000d7c       0x5e D:\STM32\STM32_lib\SDK_1.0.3_NUCLEO-F401RE\lib_stm\libLibraries.a(eventbutton.o)
 .text.ButtonProcessEventRelease
                0x0000000008000dda       0x5e D:\STM32\STM32_lib\SDK_1.0.3_NUCLEO-F401RE\lib_stm\libLibraries.a(eventbutton.o)
 .text.BuzzerControl_Init
                0x0000000008000e38       0x2c D:\STM32\STM32_lib\SDK_1.0.3_NUCLEO-F401RE\lib_stm\libLibraries.a(buzzer.o)
                0x0000000008000e38                BuzzerControl_Init
 .text.BuzzOff  0x0000000008000e64       0x58 D:\STM32\STM32_lib\SDK_1.0.3_NUCLEO-F401RE\lib_stm\libLibraries.a(buzzer.o)
 .text.BuzzPlay
                0x0000000008000ebc       0x98 D:\STM32\STM32_lib\SDK_1.0.3_NUCLEO-F401RE\lib_stm\libLibraries.a(buzzer.o)
 .text.BuzzerControl_SetMelody
                0x0000000008000f54       0x3c D:\STM32\STM32_lib\SDK_1.0.3_NUCLEO-F401RE\lib_stm\libLibraries.a(buzzer.o)
                0x0000000008000f54                BuzzerControl_SetMelody
 .text.BUZZTIM_InitTimer
                0x0000000008000f90       0x50 D:\STM32\STM32_lib\SDK_1.0.3_NUCLEO-F401RE\lib_stm\libLibraries.a(buzzer.o)
 .text.BUZZTIM_InitPWMChannel
                0x0000000008000fe0       0x90 D:\STM32\STM32_lib\SDK_1.0.3_NUCLEO-F401RE\lib_stm\libLibraries.a(buzzer.o)
 .text.BuzzerControl_SetDutyCycle
                0x0000000008001070       0x3c D:\STM32\STM32_lib\SDK_1.0.3_NUCLEO-F401RE\lib_stm\libLibraries.a(buzzer.o)
                0x0000000008001070                BuzzerControl_SetDutyCycle
 .text.BuzzerControl_SetPreriod
                0x00000000080010ac       0x20 D:\STM32\STM32_lib\SDK_1.0.3_NUCLEO-F401RE\lib_stm\libLibraries.a(buzzer.o)
                0x00000000080010ac                BuzzerControl_SetPreriod
 .text.LedControl_Init
                0x00000000080010cc       0x10 D:\STM32\STM32_lib\SDK_1.0.3_NUCLEO-F401RE\lib_stm\libLibraries.a(led.o)
                0x00000000080010cc                LedControl_Init
 .text.LedControl_SetColorIndividual
                0x00000000080010dc       0xf8 D:\STM32\STM32_lib\SDK_1.0.3_NUCLEO-F401RE\lib_stm\libLibraries.a(led.o)
                0x00000000080010dc                LedControl_SetColorIndividual
 .text.LedControl_SetColorGeneral
                0x00000000080011d4      0x128 D:\STM32\STM32_lib\SDK_1.0.3_NUCLEO-F401RE\lib_stm\libLibraries.a(led.o)
                0x00000000080011d4                LedControl_SetColorGeneral
 .text.LedControl_SetAllColor
                0x00000000080012fc       0x36 D:\STM32\STM32_lib\SDK_1.0.3_NUCLEO-F401RE\lib_stm\libLibraries.a(led.o)
                0x00000000080012fc                LedControl_SetAllColor
 *fill*         0x0000000008001332        0x2 
 .text.LEDGPIO_Config
                0x0000000008001334       0x94 D:\STM32\STM32_lib\SDK_1.0.3_NUCLEO-F401RE\lib_stm\libLibraries.a(led.o)
 .text.LEDTIM_Config
                0x00000000080013c8       0xec D:\STM32\STM32_lib\SDK_1.0.3_NUCLEO-F401RE\lib_stm\libLibraries.a(led.o)
 .text.EventSchedulerInit
                0x00000000080014b4       0x38 D:\STM32\STM32_lib\SDK_1.0.3_NUCLEO-F401RE\lib_stm\libLibraries.a(eventman.o)
                0x00000000080014b4                EventSchedulerInit
 .text.EventSchedulerAdd
                0x00000000080014ec       0x2c D:\STM32\STM32_lib\SDK_1.0.3_NUCLEO-F401RE\lib_stm\libLibraries.a(eventman.o)
                0x00000000080014ec                EventSchedulerAdd
 .text.processEventScheduler
                0x0000000008001518       0x38 D:\STM32\STM32_lib\SDK_1.0.3_NUCLEO-F401RE\lib_stm\libLibraries.a(eventman.o)
                0x0000000008001518                processEventScheduler
 .text.NVIC_SetPriority
                0x0000000008001550       0x54 D:\STM32\STM32_lib\SDK_1.0.3_NUCLEO-F401RE\lib_stm\libLibraries.a(timer.o)
 .text.SysTick_Config
                0x00000000080015a4       0x44 D:\STM32\STM32_lib\SDK_1.0.3_NUCLEO-F401RE\lib_stm\libLibraries.a(timer.o)
 .text.TimerInit
                0x00000000080015e8       0x44 D:\STM32\STM32_lib\SDK_1.0.3_NUCLEO-F401RE\lib_stm\libLibraries.a(timer.o)
                0x00000000080015e8                TimerInit
 .text.TimerStart
                0x000000000800162c       0xc4 D:\STM32\STM32_lib\SDK_1.0.3_NUCLEO-F401RE\lib_stm\libLibraries.a(timer.o)
                0x000000000800162c                TimerStart
 .text.TimerStop
                0x00000000080016f0       0xa0 D:\STM32\STM32_lib\SDK_1.0.3_NUCLEO-F401RE\lib_stm\libLibraries.a(timer.o)
                0x00000000080016f0                TimerStop
 .text.GetMilSecTick
                0x0000000008001790       0x18 D:\STM32\STM32_lib\SDK_1.0.3_NUCLEO-F401RE\lib_stm\libLibraries.a(timer.o)
                0x0000000008001790                GetMilSecTick
 .text.processTimerScheduler
                0x00000000080017a8       0xf0 D:\STM32\STM32_lib\SDK_1.0.3_NUCLEO-F401RE\lib_stm\libLibraries.a(timer.o)
                0x00000000080017a8                processTimerScheduler
 .text.TimeExpired
                0x0000000008001898       0xcc D:\STM32\STM32_lib\SDK_1.0.3_NUCLEO-F401RE\lib_stm\libLibraries.a(timer.o)
 .text.SysTick_Handler
                0x0000000008001964       0x1c D:\STM32\STM32_lib\SDK_1.0.3_NUCLEO-F401RE\lib_stm\libLibraries.a(timer.o)
                0x0000000008001964                SysTick_Handler
 .text.LightSensor_Init
                0x0000000008001980      0x160 D:\STM32\STM32_lib\SDK_1.0.3_NUCLEO-F401RE\lib_stm\libLibraries.a(lightsensor.o)
                0x0000000008001980                LightSensor_Init
 .text.LightSensor_MeasureUseDMAMode
                0x0000000008001ae0       0x18 D:\STM32\STM32_lib\SDK_1.0.3_NUCLEO-F401RE\lib_stm\libLibraries.a(lightsensor.o)
                0x0000000008001ae0                LightSensor_MeasureUseDMAMode
 .text.TemHumSensor_Init
                0x0000000008001af8        0xc D:\STM32\STM32_lib\SDK_1.0.3_NUCLEO-F401RE\lib_stm\libLibraries.a(temhumsensor.o)
                0x0000000008001af8                TemHumSensor_Init
 .text.TemHumSensor_GetTemp
                0x0000000008001b04       0x7c D:\STM32\STM32_lib\SDK_1.0.3_NUCLEO-F401RE\lib_stm\libLibraries.a(temhumsensor.o)
                0x0000000008001b04                TemHumSensor_GetTemp
 .text.TemHumSensor_GetHumi
                0x0000000008001b80       0x78 D:\STM32\STM32_lib\SDK_1.0.3_NUCLEO-F401RE\lib_stm\libLibraries.a(temhumsensor.o)
                0x0000000008001b80                TemHumSensor_GetHumi
 .text.CalculateCRC8
                0x0000000008001bf8       0x86 D:\STM32\STM32_lib\SDK_1.0.3_NUCLEO-F401RE\lib_stm\libLibraries.a(temhumsensor.o)
 *fill*         0x0000000008001c7e        0x2 
 .text.i2c_config
                0x0000000008001c80       0x94 D:\STM32\STM32_lib\SDK_1.0.3_NUCLEO-F401RE\lib_stm\libLibraries.a(temhumsensor.o)
                0x0000000008001c80                i2c_config
 .text.i2c_read_reg_expand
                0x0000000008001d14       0xac D:\STM32\STM32_lib\SDK_1.0.3_NUCLEO-F401RE\lib_stm\libLibraries.a(temhumsensor.o)
                0x0000000008001d14                i2c_read_reg_expand
 .text.i2c_start
                0x0000000008001dc0       0x3c D:\STM32\STM32_lib\SDK_1.0.3_NUCLEO-F401RE\lib_stm\libLibraries.a(temhumsensor.o)
                0x0000000008001dc0                i2c_start
 .text.i2c_stop
                0x0000000008001dfc       0x14 D:\STM32\STM32_lib\SDK_1.0.3_NUCLEO-F401RE\lib_stm\libLibraries.a(temhumsensor.o)
                0x0000000008001dfc                i2c_stop
 .text.i2c_address_direction
                0x0000000008001e10       0x60 D:\STM32\STM32_lib\SDK_1.0.3_NUCLEO-F401RE\lib_stm\libLibraries.a(temhumsensor.o)
                0x0000000008001e10                i2c_address_direction
 .text.i2c_transmit
                0x0000000008001e70       0x34 D:\STM32\STM32_lib\SDK_1.0.3_NUCLEO-F401RE\lib_stm\libLibraries.a(temhumsensor.o)
                0x0000000008001e70                i2c_transmit
 .text.i2c_receive_ack
                0x0000000008001ea4       0x30 D:\STM32\STM32_lib\SDK_1.0.3_NUCLEO-F401RE\lib_stm\libLibraries.a(temhumsensor.o)
                0x0000000008001ea4                i2c_receive_ack
 .text.i2c_receive_nack
                0x0000000008001ed4       0x30 D:\STM32\STM32_lib\SDK_1.0.3_NUCLEO-F401RE\lib_stm\libLibraries.a(temhumsensor.o)
                0x0000000008001ed4                i2c_receive_nack
 .text.USART2_IRQHandler
                0x0000000008001f04       0x50 D:\STM32\STM32_lib\SDK_1.0.3_NUCLEO-F401RE\lib_stm\libLibraries.a(serial.o)
                0x0000000008001f04                USART2_IRQHandler
 .text.delayMicroseconds
                0x0000000008001f54       0x14 D:\STM32\STM32_lib\SDK_1.0.3_NUCLEO-F401RE\lib_stm\libLibraries.a(Ucglib.o)
 .text.ucg_gpio_init
                0x0000000008001f68       0x60 D:\STM32\STM32_lib\SDK_1.0.3_NUCLEO-F401RE\lib_stm\libLibraries.a(Ucglib.o)
 .text.ucg_com_arduino_send_generic_SW_SPI
                0x0000000008001fc8       0x74 D:\STM32\STM32_lib\SDK_1.0.3_NUCLEO-F401RE\lib_stm\libLibraries.a(Ucglib.o)
 .text.ucg_com_arduino_generic_SW_SPI
                0x000000000800203c      0x1ec D:\STM32\STM32_lib\SDK_1.0.3_NUCLEO-F401RE\lib_stm\libLibraries.a(Ucglib.o)
 .text.Ucglib4WireSWSPI_begin
                0x0000000008002228       0x38 D:\STM32\STM32_lib\SDK_1.0.3_NUCLEO-F401RE\lib_stm\libLibraries.a(Ucglib.o)
                0x0000000008002228                Ucglib4WireSWSPI_begin
 .text.ucg_DrawBox
                0x0000000008002260       0x56 D:\STM32\STM32_lib\SDK_1.0.3_NUCLEO-F401RE\lib_stm\libLibraries.a(ucg_box.o)
                0x0000000008002260                ucg_DrawBox
 .text.ucg_ClearScreen
                0x00000000080022b6       0x50 D:\STM32\STM32_lib\SDK_1.0.3_NUCLEO-F401RE\lib_stm\libLibraries.a(ucg_box.o)
                0x00000000080022b6                ucg_ClearScreen
 .text.ucg_ccs_init
                0x0000000008002306       0xc0 D:\STM32\STM32_lib\SDK_1.0.3_NUCLEO-F401RE\lib_stm\libLibraries.a(ucg_ccs.o)
                0x0000000008002306                ucg_ccs_init
 .text.ucg_ccs_step
                0x00000000080023c6       0x80 D:\STM32\STM32_lib\SDK_1.0.3_NUCLEO-F401RE\lib_stm\libLibraries.a(ucg_ccs.o)
                0x00000000080023c6                ucg_ccs_step
 .text.ucg_ccs_seek
                0x0000000008002446       0xca D:\STM32\STM32_lib\SDK_1.0.3_NUCLEO-F401RE\lib_stm\libLibraries.a(ucg_ccs.o)
                0x0000000008002446                ucg_ccs_seek
 .text.ucg_dev_default_cb
                0x0000000008002510       0x44 D:\STM32\STM32_lib\SDK_1.0.3_NUCLEO-F401RE\lib_stm\libLibraries.a(ucg_dev_default_cb.o)
                0x0000000008002510                ucg_dev_default_cb
 .text.ucg_ext_none
                0x0000000008002554       0x1c D:\STM32\STM32_lib\SDK_1.0.3_NUCLEO-F401RE\lib_stm\libLibraries.a(ucg_dev_default_cb.o)
                0x0000000008002554                ucg_ext_none
 .text.ucg_handle_st7735_l90fx
                0x0000000008002570       0xd8 D:\STM32\STM32_lib\SDK_1.0.3_NUCLEO-F401RE\lib_stm\libLibraries.a(ucg_dev_ic_st7735.o)
                0x0000000008002570                ucg_handle_st7735_l90fx
 .text.ucg_handle_st7735_l90se
                0x0000000008002648      0x154 D:\STM32\STM32_lib\SDK_1.0.3_NUCLEO-F401RE\lib_stm\libLibraries.a(ucg_dev_ic_st7735.o)
                0x0000000008002648                ucg_handle_st7735_l90se
 .text.ucg_dev_ic_st7735_18
                0x000000000800279c       0xf8 D:\STM32\STM32_lib\SDK_1.0.3_NUCLEO-F401RE\lib_stm\libLibraries.a(ucg_dev_ic_st7735.o)
                0x000000000800279c                ucg_dev_ic_st7735_18
 .text.ucg_ext_st7735_18
                0x0000000008002894       0x28 D:\STM32\STM32_lib\SDK_1.0.3_NUCLEO-F401RE\lib_stm\libLibraries.a(ucg_dev_ic_st7735.o)
                0x0000000008002894                ucg_ext_st7735_18
 .text.ucg_PowerDown
                0x00000000080028bc       0x34 D:\STM32\STM32_lib\SDK_1.0.3_NUCLEO-F401RE\lib_stm\libLibraries.a(ucg_dev_msg_api.o)
                0x00000000080028bc                ucg_PowerDown
 .text.ucg_PowerUp
                0x00000000080028f0       0x3c D:\STM32\STM32_lib\SDK_1.0.3_NUCLEO-F401RE\lib_stm\libLibraries.a(ucg_dev_msg_api.o)
                0x00000000080028f0                ucg_PowerUp
 .text.ucg_SetClipBox
                0x000000000800292c       0x1e D:\STM32\STM32_lib\SDK_1.0.3_NUCLEO-F401RE\lib_stm\libLibraries.a(ucg_dev_msg_api.o)
                0x000000000800292c                ucg_SetClipBox
 .text.ucg_SetMaxClipRange
                0x000000000800294a       0x30 D:\STM32\STM32_lib\SDK_1.0.3_NUCLEO-F401RE\lib_stm\libLibraries.a(ucg_dev_msg_api.o)
                0x000000000800294a                ucg_SetMaxClipRange
 .text.ucg_GetDimension
                0x000000000800297a       0x24 D:\STM32\STM32_lib\SDK_1.0.3_NUCLEO-F401RE\lib_stm\libLibraries.a(ucg_dev_msg_api.o)
                0x000000000800297a                ucg_GetDimension
 .text.ucg_DrawL90FXWithArg
                0x000000000800299e       0x1e D:\STM32\STM32_lib\SDK_1.0.3_NUCLEO-F401RE\lib_stm\libLibraries.a(ucg_dev_msg_api.o)
                0x000000000800299e                ucg_DrawL90FXWithArg
 .text.ucg_dev_st7735_18x128x128
                0x00000000080029bc       0x80 D:\STM32\STM32_lib\SDK_1.0.3_NUCLEO-F401RE\lib_stm\libLibraries.a(ucg_dev_tft_128x128_st7735.o)
                0x00000000080029bc                ucg_dev_st7735_18x128x128
 .text.ucg_font_get_byte
                0x0000000008002a3c       0x24 D:\STM32\STM32_lib\SDK_1.0.3_NUCLEO-F401RE\lib_stm\libLibraries.a(ucg_font.o)
 .text.ucg_font_get_word
                0x0000000008002a60       0x40 D:\STM32\STM32_lib\SDK_1.0.3_NUCLEO-F401RE\lib_stm\libLibraries.a(ucg_font.o)
 .text.ucg_read_font_info
                0x0000000008002aa0      0x142 D:\STM32\STM32_lib\SDK_1.0.3_NUCLEO-F401RE\lib_stm\libLibraries.a(ucg_font.o)
                0x0000000008002aa0                ucg_read_font_info
 .text.ucg_font_decode_get_unsigned_bits
                0x0000000008002be2       0x96 D:\STM32\STM32_lib\SDK_1.0.3_NUCLEO-F401RE\lib_stm\libLibraries.a(ucg_font.o)
                0x0000000008002be2                ucg_font_decode_get_unsigned_bits
 .text.ucg_font_decode_get_signed_bits
                0x0000000008002c78       0x46 D:\STM32\STM32_lib\SDK_1.0.3_NUCLEO-F401RE\lib_stm\libLibraries.a(ucg_font.o)
                0x0000000008002c78                ucg_font_decode_get_signed_bits
 .text.ucg_add_vector_y
                0x0000000008002cbe       0x7a D:\STM32\STM32_lib\SDK_1.0.3_NUCLEO-F401RE\lib_stm\libLibraries.a(ucg_font.o)
 .text.ucg_add_vector_x
                0x0000000008002d38       0x7a D:\STM32\STM32_lib\SDK_1.0.3_NUCLEO-F401RE\lib_stm\libLibraries.a(ucg_font.o)
 .text.ucg_font_decode_len
                0x0000000008002db2      0x118 D:\STM32\STM32_lib\SDK_1.0.3_NUCLEO-F401RE\lib_stm\libLibraries.a(ucg_font.o)
                0x0000000008002db2                ucg_font_decode_len
 .text.ucg_font_setup_decode
                0x0000000008002eca       0x64 D:\STM32\STM32_lib\SDK_1.0.3_NUCLEO-F401RE\lib_stm\libLibraries.a(ucg_font.o)
 .text.ucg_font_decode_glyph
                0x0000000008002f2e      0x14c D:\STM32\STM32_lib\SDK_1.0.3_NUCLEO-F401RE\lib_stm\libLibraries.a(ucg_font.o)
                0x0000000008002f2e                ucg_font_decode_glyph
 .text.ucg_font_get_glyph_data
                0x000000000800307a       0x7a D:\STM32\STM32_lib\SDK_1.0.3_NUCLEO-F401RE\lib_stm\libLibraries.a(ucg_font.o)
                0x000000000800307a                ucg_font_get_glyph_data
 .text.ucg_font_draw_glyph
                0x00000000080030f4       0x62 D:\STM32\STM32_lib\SDK_1.0.3_NUCLEO-F401RE\lib_stm\libLibraries.a(ucg_font.o)
                0x00000000080030f4                ucg_font_draw_glyph
 .text.ucg_SetFontMode
                0x0000000008003156       0x20 D:\STM32\STM32_lib\SDK_1.0.3_NUCLEO-F401RE\lib_stm\libLibraries.a(ucg_font.o)
                0x0000000008003156                ucg_SetFontMode
 *fill*         0x0000000008003176        0x2 
 .text.ucg_DrawGlyph
                0x0000000008003178       0xb0 D:\STM32\STM32_lib\SDK_1.0.3_NUCLEO-F401RE\lib_stm\libLibraries.a(ucg_font.o)
                0x0000000008003178                ucg_DrawGlyph
 .text.task_drawString
                0x0000000008003228      0x138 D:\STM32\STM32_lib\SDK_1.0.3_NUCLEO-F401RE\lib_stm\libLibraries.a(ucg_font.o)
                0x0000000008003228                task_drawString
 .text.ucg_DrawString
                0x0000000008003360       0x78 D:\STM32\STM32_lib\SDK_1.0.3_NUCLEO-F401RE\lib_stm\libLibraries.a(ucg_font.o)
                0x0000000008003360                ucg_DrawString
 .text.ucg_UpdateRefHeight
                0x00000000080033d8       0xd8 D:\STM32\STM32_lib\SDK_1.0.3_NUCLEO-F401RE\lib_stm\libLibraries.a(ucg_font.o)
                0x00000000080033d8                ucg_UpdateRefHeight
 .text.ucg_font_calc_vref_font
                0x00000000080034b0       0x16 D:\STM32\STM32_lib\SDK_1.0.3_NUCLEO-F401RE\lib_stm\libLibraries.a(ucg_font.o)
                0x00000000080034b0                ucg_font_calc_vref_font
 *fill*         0x00000000080034c6        0x2 
 .text.ucg_SetFontPosBaseline
                0x00000000080034c8       0x20 D:\STM32\STM32_lib\SDK_1.0.3_NUCLEO-F401RE\lib_stm\libLibraries.a(ucg_font.o)
                0x00000000080034c8                ucg_SetFontPosBaseline
 .text.ucg_SetFont
                0x00000000080034e8       0x4c D:\STM32\STM32_lib\SDK_1.0.3_NUCLEO-F401RE\lib_stm\libLibraries.a(ucg_font.o)
                0x00000000080034e8                ucg_SetFont
 .text.ucg_init_struct
                0x0000000008003534       0x50 D:\STM32\STM32_lib\SDK_1.0.3_NUCLEO-F401RE\lib_stm\libLibraries.a(ucg_init.o)
                0x0000000008003534                ucg_init_struct
 .text.ucg_Init
                0x0000000008003584       0x5c D:\STM32\STM32_lib\SDK_1.0.3_NUCLEO-F401RE\lib_stm\libLibraries.a(ucg_init.o)
                0x0000000008003584                ucg_Init
 .text.ucg_Draw90Line
                0x00000000080035e0       0x88 D:\STM32\STM32_lib\SDK_1.0.3_NUCLEO-F401RE\lib_stm\libLibraries.a(ucg_line.o)
                0x00000000080035e0                ucg_Draw90Line
 .text.ucg_DrawHLine
                0x0000000008003668       0x3e D:\STM32\STM32_lib\SDK_1.0.3_NUCLEO-F401RE\lib_stm\libLibraries.a(ucg_line.o)
                0x0000000008003668                ucg_DrawHLine
 .text.ucg_SetColor
                0x00000000080036a6       0x5c D:\STM32\STM32_lib\SDK_1.0.3_NUCLEO-F401RE\lib_stm\libLibraries.a(ucg_pixel.o)
                0x00000000080036a6                ucg_SetColor
 .text.ucg_UndoRotate
                0x0000000008003702       0x32 D:\STM32\STM32_lib\SDK_1.0.3_NUCLEO-F401RE\lib_stm\libLibraries.a(ucg_rotate.o)
                0x0000000008003702                ucg_UndoRotate
 .text.ucg_rotate_180_xy
                0x0000000008003734       0x66 D:\STM32\STM32_lib\SDK_1.0.3_NUCLEO-F401RE\lib_stm\libLibraries.a(ucg_rotate.o)
 *fill*         0x000000000800379a        0x2 
 .text.ucg_dev_rotate180
                0x000000000800379c      0x100 D:\STM32\STM32_lib\SDK_1.0.3_NUCLEO-F401RE\lib_stm\libLibraries.a(ucg_rotate.o)
                0x000000000800379c                ucg_dev_rotate180
 .text.ucg_SetRotate180
                0x000000000800389c       0x34 D:\STM32\STM32_lib\SDK_1.0.3_NUCLEO-F401RE\lib_stm\libLibraries.a(ucg_rotate.o)
                0x000000000800389c                ucg_SetRotate180
 .text.bufInit  0x00000000080038d0       0x36 D:\STM32\STM32_lib\SDK_1.0.3_NUCLEO-F401RE\lib_stm\libLibraries.a(buff.o)
                0x00000000080038d0                bufInit
 .text.bufNumItems
                0x0000000008003906       0x18 D:\STM32\STM32_lib\SDK_1.0.3_NUCLEO-F401RE\lib_stm\libLibraries.a(buff.o)
                0x0000000008003906                bufNumItems
 .text.bufIsFull
                0x000000000800391e       0x26 D:\STM32\STM32_lib\SDK_1.0.3_NUCLEO-F401RE\lib_stm\libLibraries.a(buff.o)
                0x000000000800391e                bufIsFull
 .text.bufIsEmpty
                0x0000000008003944       0x26 D:\STM32\STM32_lib\SDK_1.0.3_NUCLEO-F401RE\lib_stm\libLibraries.a(buff.o)
                0x0000000008003944                bufIsEmpty
 .text.bufFlush
                0x000000000800396a       0x32 D:\STM32\STM32_lib\SDK_1.0.3_NUCLEO-F401RE\lib_stm\libLibraries.a(buff.o)
                0x000000000800396a                bufFlush
 .text.bufEnDat
                0x000000000800399c       0x9c D:\STM32\STM32_lib\SDK_1.0.3_NUCLEO-F401RE\lib_stm\libLibraries.a(buff.o)
                0x000000000800399c                bufEnDat
 .text.bufDeDat
                0x0000000008003a38       0x84 D:\STM32\STM32_lib\SDK_1.0.3_NUCLEO-F401RE\lib_stm\libLibraries.a(buff.o)
                0x0000000008003a38                bufDeDat
 .text.memsetl  0x0000000008003abc       0x32 D:\STM32\STM32_lib\SDK_1.0.3_NUCLEO-F401RE\lib_stm\libLibraries.a(utilities.o)
                0x0000000008003abc                memsetl
 .text.ADC_DeInit
                0x0000000008003aee       0x1c D:\STM32\STM32_lib\SDK_1.0.3_NUCLEO-F401RE\lib_stm\libLibraries.a(stm32f401re_adc.o)
                0x0000000008003aee                ADC_DeInit
 *fill*         0x0000000008003b0a        0x2 
 .text.ADC_Init
                0x0000000008003b0c       0xac D:\STM32\STM32_lib\SDK_1.0.3_NUCLEO-F401RE\lib_stm\libLibraries.a(stm32f401re_adc.o)
                0x0000000008003b0c                ADC_Init
 .text.ADC_CommonInit
                0x0000000008003bb8       0x50 D:\STM32\STM32_lib\SDK_1.0.3_NUCLEO-F401RE\lib_stm\libLibraries.a(stm32f401re_adc.o)
                0x0000000008003bb8                ADC_CommonInit
 .text.ADC_Cmd  0x0000000008003c08       0x38 D:\STM32\STM32_lib\SDK_1.0.3_NUCLEO-F401RE\lib_stm\libLibraries.a(stm32f401re_adc.o)
                0x0000000008003c08                ADC_Cmd
 .text.ADC_RegularChannelConfig
                0x0000000008003c40      0x194 D:\STM32\STM32_lib\SDK_1.0.3_NUCLEO-F401RE\lib_stm\libLibraries.a(stm32f401re_adc.o)
                0x0000000008003c40                ADC_RegularChannelConfig
 .text.ADC_SoftwareStartConv
                0x0000000008003dd4       0x20 D:\STM32\STM32_lib\SDK_1.0.3_NUCLEO-F401RE\lib_stm\libLibraries.a(stm32f401re_adc.o)
                0x0000000008003dd4                ADC_SoftwareStartConv
 .text.ADC_EOCOnEachRegularChannelCmd
                0x0000000008003df4       0x38 D:\STM32\STM32_lib\SDK_1.0.3_NUCLEO-F401RE\lib_stm\libLibraries.a(stm32f401re_adc.o)
                0x0000000008003df4                ADC_EOCOnEachRegularChannelCmd
 .text.ADC_ContinuousModeCmd
                0x0000000008003e2c       0x38 D:\STM32\STM32_lib\SDK_1.0.3_NUCLEO-F401RE\lib_stm\libLibraries.a(stm32f401re_adc.o)
                0x0000000008003e2c                ADC_ContinuousModeCmd
 .text.ADC_DiscModeChannelCountConfig
                0x0000000008003e64       0x44 D:\STM32\STM32_lib\SDK_1.0.3_NUCLEO-F401RE\lib_stm\libLibraries.a(stm32f401re_adc.o)
                0x0000000008003e64                ADC_DiscModeChannelCountConfig
 .text.ADC_DiscModeCmd
                0x0000000008003ea8       0x38 D:\STM32\STM32_lib\SDK_1.0.3_NUCLEO-F401RE\lib_stm\libLibraries.a(stm32f401re_adc.o)
                0x0000000008003ea8                ADC_DiscModeCmd
 .text.ADC_DMACmd
                0x0000000008003ee0       0x38 D:\STM32\STM32_lib\SDK_1.0.3_NUCLEO-F401RE\lib_stm\libLibraries.a(stm32f401re_adc.o)
                0x0000000008003ee0                ADC_DMACmd
 .text.ADC_DMARequestAfterLastTransferCmd
                0x0000000008003f18       0x38 D:\STM32\STM32_lib\SDK_1.0.3_NUCLEO-F401RE\lib_stm\libLibraries.a(stm32f401re_adc.o)
                0x0000000008003f18                ADC_DMARequestAfterLastTransferCmd
 .text.DMA_DeInit
                0x0000000008003f50      0x1a8 D:\STM32\STM32_lib\SDK_1.0.3_NUCLEO-F401RE\lib_stm\libLibraries.a(stm32f401re_dma.o)
                0x0000000008003f50                DMA_DeInit
 .text.DMA_Init
                0x00000000080040f8       0xb0 D:\STM32\STM32_lib\SDK_1.0.3_NUCLEO-F401RE\lib_stm\libLibraries.a(stm32f401re_dma.o)
                0x00000000080040f8                DMA_Init
 .text.DMA_Cmd  0x00000000080041a8       0x38 D:\STM32\STM32_lib\SDK_1.0.3_NUCLEO-F401RE\lib_stm\libLibraries.a(stm32f401re_dma.o)
                0x00000000080041a8                DMA_Cmd
 .text.GPIO_Init
                0x00000000080041e0      0x11c D:\STM32\STM32_lib\SDK_1.0.3_NUCLEO-F401RE\lib_stm\libLibraries.a(stm32f401re_gpio.o)
                0x00000000080041e0                GPIO_Init
 .text.GPIO_ReadInputDataBit
                0x00000000080042fc       0x34 D:\STM32\STM32_lib\SDK_1.0.3_NUCLEO-F401RE\lib_stm\libLibraries.a(stm32f401re_gpio.o)
                0x00000000080042fc                GPIO_ReadInputDataBit
 .text.GPIO_SetBits
                0x0000000008004330       0x1e D:\STM32\STM32_lib\SDK_1.0.3_NUCLEO-F401RE\lib_stm\libLibraries.a(stm32f401re_gpio.o)
                0x0000000008004330                GPIO_SetBits
 .text.GPIO_ResetBits
                0x000000000800434e       0x1e D:\STM32\STM32_lib\SDK_1.0.3_NUCLEO-F401RE\lib_stm\libLibraries.a(stm32f401re_gpio.o)
                0x000000000800434e                GPIO_ResetBits
 .text.GPIO_WriteBit
                0x000000000800436c       0x30 D:\STM32\STM32_lib\SDK_1.0.3_NUCLEO-F401RE\lib_stm\libLibraries.a(stm32f401re_gpio.o)
                0x000000000800436c                GPIO_WriteBit
 .text.GPIO_PinAFConfig
                0x000000000800439c       0x92 D:\STM32\STM32_lib\SDK_1.0.3_NUCLEO-F401RE\lib_stm\libLibraries.a(stm32f401re_gpio.o)
                0x000000000800439c                GPIO_PinAFConfig
 *fill*         0x000000000800442e        0x2 
 .text.I2C_Init
                0x0000000008004430      0x184 D:\STM32\STM32_lib\SDK_1.0.3_NUCLEO-F401RE\lib_stm\libLibraries.a(stm32f401re_i2c.o)
                0x0000000008004430                I2C_Init
 .text.I2C_Cmd  0x00000000080045b4       0x40 D:\STM32\STM32_lib\SDK_1.0.3_NUCLEO-F401RE\lib_stm\libLibraries.a(stm32f401re_i2c.o)
                0x00000000080045b4                I2C_Cmd
 .text.I2C_GenerateSTART
                0x00000000080045f4       0x40 D:\STM32\STM32_lib\SDK_1.0.3_NUCLEO-F401RE\lib_stm\libLibraries.a(stm32f401re_i2c.o)
                0x00000000080045f4                I2C_GenerateSTART
 .text.I2C_GenerateSTOP
                0x0000000008004634       0x40 D:\STM32\STM32_lib\SDK_1.0.3_NUCLEO-F401RE\lib_stm\libLibraries.a(stm32f401re_i2c.o)
                0x0000000008004634                I2C_GenerateSTOP
 .text.I2C_Send7bitAddress
                0x0000000008004674       0x3c D:\STM32\STM32_lib\SDK_1.0.3_NUCLEO-F401RE\lib_stm\libLibraries.a(stm32f401re_i2c.o)
                0x0000000008004674                I2C_Send7bitAddress
 .text.I2C_AcknowledgeConfig
                0x00000000080046b0       0x40 D:\STM32\STM32_lib\SDK_1.0.3_NUCLEO-F401RE\lib_stm\libLibraries.a(stm32f401re_i2c.o)
                0x00000000080046b0                I2C_AcknowledgeConfig
 .text.I2C_SendData
                0x00000000080046f0       0x20 D:\STM32\STM32_lib\SDK_1.0.3_NUCLEO-F401RE\lib_stm\libLibraries.a(stm32f401re_i2c.o)
                0x00000000080046f0                I2C_SendData
 .text.I2C_ReceiveData
                0x0000000008004710       0x1c D:\STM32\STM32_lib\SDK_1.0.3_NUCLEO-F401RE\lib_stm\libLibraries.a(stm32f401re_i2c.o)
                0x0000000008004710                I2C_ReceiveData
 .text.I2C_CheckEvent
                0x000000000800472c       0x60 D:\STM32\STM32_lib\SDK_1.0.3_NUCLEO-F401RE\lib_stm\libLibraries.a(stm32f401re_i2c.o)
                0x000000000800472c                I2C_CheckEvent
 .text.I2C_GetFlagStatus
                0x000000000800478c       0x66 D:\STM32\STM32_lib\SDK_1.0.3_NUCLEO-F401RE\lib_stm\libLibraries.a(stm32f401re_i2c.o)
                0x000000000800478c                I2C_GetFlagStatus
 *fill*         0x00000000080047f2        0x2 
 .text.RCC_GetClocksFreq
                0x00000000080047f4      0x150 D:\STM32\STM32_lib\SDK_1.0.3_NUCLEO-F401RE\lib_stm\libLibraries.a(stm32f401re_rcc.o)
                0x00000000080047f4                RCC_GetClocksFreq
 .text.RCC_AHB1PeriphClockCmd
                0x0000000008004944       0x40 D:\STM32\STM32_lib\SDK_1.0.3_NUCLEO-F401RE\lib_stm\libLibraries.a(stm32f401re_rcc.o)
                0x0000000008004944                RCC_AHB1PeriphClockCmd
 .text.RCC_APB1PeriphClockCmd
                0x0000000008004984       0x40 D:\STM32\STM32_lib\SDK_1.0.3_NUCLEO-F401RE\lib_stm\libLibraries.a(stm32f401re_rcc.o)
                0x0000000008004984                RCC_APB1PeriphClockCmd
 .text.RCC_APB2PeriphClockCmd
                0x00000000080049c4       0x40 D:\STM32\STM32_lib\SDK_1.0.3_NUCLEO-F401RE\lib_stm\libLibraries.a(stm32f401re_rcc.o)
                0x00000000080049c4                RCC_APB2PeriphClockCmd
 .text.RCC_APB2PeriphResetCmd
                0x0000000008004a04       0x40 D:\STM32\STM32_lib\SDK_1.0.3_NUCLEO-F401RE\lib_stm\libLibraries.a(stm32f401re_rcc.o)
                0x0000000008004a04                RCC_APB2PeriphResetCmd
 .text.TIM_TimeBaseInit
                0x0000000008004a44       0xd8 D:\STM32\STM32_lib\SDK_1.0.3_NUCLEO-F401RE\lib_stm\libLibraries.a(stm32f401re_tim.o)
                0x0000000008004a44                TIM_TimeBaseInit
 .text.TIM_Cmd  0x0000000008004b1c       0x40 D:\STM32\STM32_lib\SDK_1.0.3_NUCLEO-F401RE\lib_stm\libLibraries.a(stm32f401re_tim.o)
                0x0000000008004b1c                TIM_Cmd
 .text.TIM_OC1Init
                0x0000000008004b5c       0xf4 D:\STM32\STM32_lib\SDK_1.0.3_NUCLEO-F401RE\lib_stm\libLibraries.a(stm32f401re_tim.o)
                0x0000000008004b5c                TIM_OC1Init
 .text.TIM_OC2Init
                0x0000000008004c50      0x110 D:\STM32\STM32_lib\SDK_1.0.3_NUCLEO-F401RE\lib_stm\libLibraries.a(stm32f401re_tim.o)
                0x0000000008004c50                TIM_OC2Init
 .text.TIM_OC3Init
                0x0000000008004d60      0x10c D:\STM32\STM32_lib\SDK_1.0.3_NUCLEO-F401RE\lib_stm\libLibraries.a(stm32f401re_tim.o)
                0x0000000008004d60                TIM_OC3Init
 .text.TIM_OC4Init
                0x0000000008004e6c       0xd0 D:\STM32\STM32_lib\SDK_1.0.3_NUCLEO-F401RE\lib_stm\libLibraries.a(stm32f401re_tim.o)
                0x0000000008004e6c                TIM_OC4Init
 .text.TIM_SetCompare1
                0x0000000008004f3c       0x1c D:\STM32\STM32_lib\SDK_1.0.3_NUCLEO-F401RE\lib_stm\libLibraries.a(stm32f401re_tim.o)
                0x0000000008004f3c                TIM_SetCompare1
 .text.TIM_SetCompare2
                0x0000000008004f58       0x1c D:\STM32\STM32_lib\SDK_1.0.3_NUCLEO-F401RE\lib_stm\libLibraries.a(stm32f401re_tim.o)
                0x0000000008004f58                TIM_SetCompare2
 .text.TIM_SetCompare3
                0x0000000008004f74       0x1c D:\STM32\STM32_lib\SDK_1.0.3_NUCLEO-F401RE\lib_stm\libLibraries.a(stm32f401re_tim.o)
                0x0000000008004f74                TIM_SetCompare3
 .text.TIM_SetCompare4
                0x0000000008004f90       0x1c D:\STM32\STM32_lib\SDK_1.0.3_NUCLEO-F401RE\lib_stm\libLibraries.a(stm32f401re_tim.o)
                0x0000000008004f90                TIM_SetCompare4
 .text.TIM_CtrlPWMOutputs
                0x0000000008004fac       0x4c D:\STM32\STM32_lib\SDK_1.0.3_NUCLEO-F401RE\lib_stm\libLibraries.a(stm32f401re_tim.o)
                0x0000000008004fac                TIM_CtrlPWMOutputs
 .text.USART_ReceiveData
                0x0000000008004ff8       0x20 D:\STM32\STM32_lib\SDK_1.0.3_NUCLEO-F401RE\lib_stm\libLibraries.a(stm32f401re_usart.o)
                0x0000000008004ff8                USART_ReceiveData
 .text.USART_GetITStatus
                0x0000000008005018       0xb6 D:\STM32\STM32_lib\SDK_1.0.3_NUCLEO-F401RE\lib_stm\libLibraries.a(stm32f401re_usart.o)
                0x0000000008005018                USART_GetITStatus
 .text.USART_ClearITPendingBit
                0x00000000080050ce       0x3a D:\STM32\STM32_lib\SDK_1.0.3_NUCLEO-F401RE\lib_stm\libLibraries.a(stm32f401re_usart.o)
                0x00000000080050ce                USART_ClearITPendingBit
 .text.Button_Init
                0x0000000008005108       0xbc D:\STM32\STM32_lib\SDK_1.0.3_NUCLEO-F401RE\lib_stm\libLibraries.a(button.o)
                0x0000000008005108                Button_Init
 .text.Button_SetMode
                0x00000000080051c4       0x3c D:\STM32\STM32_lib\SDK_1.0.3_NUCLEO-F401RE\lib_stm\libLibraries.a(button.o)
                0x00000000080051c4                Button_SetMode
 .text.Button_RegisterEventCallback
                0x0000000008005200       0x28 D:\STM32\STM32_lib\SDK_1.0.3_NUCLEO-F401RE\lib_stm\libLibraries.a(button.o)
                0x0000000008005200                Button_RegisterEventCallback
 .text.ButtonScanTypeEdge
                0x0000000008005228      0x1fc D:\STM32\STM32_lib\SDK_1.0.3_NUCLEO-F401RE\lib_stm\libLibraries.a(button.o)
 .text.ButtonScan
                0x0000000008005424       0x4c D:\STM32\STM32_lib\SDK_1.0.3_NUCLEO-F401RE\lib_stm\libLibraries.a(button.o)
 .text.BTNGPIO_Init
                0x0000000008005470       0x6c D:\STM32\STM32_lib\SDK_1.0.3_NUCLEO-F401RE\lib_stm\libLibraries.a(button.o)
 .text.ucg_clip_is_x_visible
                0x00000000080054dc       0x4a D:\STM32\STM32_lib\SDK_1.0.3_NUCLEO-F401RE\lib_stm\libLibraries.a(ucg_clip.o)
 .text.ucg_clip_is_y_visible
                0x0000000008005526       0x4a D:\STM32\STM32_lib\SDK_1.0.3_NUCLEO-F401RE\lib_stm\libLibraries.a(ucg_clip.o)
 .text.ucg_clip_intersection
                0x0000000008005570       0x74 D:\STM32\STM32_lib\SDK_1.0.3_NUCLEO-F401RE\lib_stm\libLibraries.a(ucg_clip.o)
 .text.ucg_clip_is_pixel_visible
                0x00000000080055e4       0x32 D:\STM32\STM32_lib\SDK_1.0.3_NUCLEO-F401RE\lib_stm\libLibraries.a(ucg_clip.o)
                0x00000000080055e4                ucg_clip_is_pixel_visible
 *fill*         0x0000000008005616        0x2 
 .text.ucg_clip_l90fx
                0x0000000008005618      0x300 D:\STM32\STM32_lib\SDK_1.0.3_NUCLEO-F401RE\lib_stm\libLibraries.a(ucg_clip.o)
                0x0000000008005618                ucg_clip_l90fx
 .text.ucg_clip_l90se
                0x0000000008005918       0x54 D:\STM32\STM32_lib\SDK_1.0.3_NUCLEO-F401RE\lib_stm\libLibraries.a(ucg_clip.o)
                0x0000000008005918                ucg_clip_l90se
 .text.ucg_com_PowerDown
                0x000000000800596c       0x3e D:\STM32\STM32_lib\SDK_1.0.3_NUCLEO-F401RE\lib_stm\libLibraries.a(ucg_com_msg_api.o)
                0x000000000800596c                ucg_com_PowerDown
 .text.ucg_com_PowerUp
                0x00000000080059aa       0x60 D:\STM32\STM32_lib\SDK_1.0.3_NUCLEO-F401RE\lib_stm\libLibraries.a(ucg_com_msg_api.o)
                0x00000000080059aa                ucg_com_PowerUp
 .text.ucg_com_SetLineStatus
                0x0000000008005a0a       0xe2 D:\STM32\STM32_lib\SDK_1.0.3_NUCLEO-F401RE\lib_stm\libLibraries.a(ucg_com_msg_api.o)
                0x0000000008005a0a                ucg_com_SetLineStatus
 .text.ucg_com_SetResetLineStatus
                0x0000000008005aec       0x20 D:\STM32\STM32_lib\SDK_1.0.3_NUCLEO-F401RE\lib_stm\libLibraries.a(ucg_com_msg_api.o)
                0x0000000008005aec                ucg_com_SetResetLineStatus
 .text.ucg_com_SetCSLineStatus
                0x0000000008005b0c       0x20 D:\STM32\STM32_lib\SDK_1.0.3_NUCLEO-F401RE\lib_stm\libLibraries.a(ucg_com_msg_api.o)
                0x0000000008005b0c                ucg_com_SetCSLineStatus
 .text.ucg_com_SetCDLineStatus
                0x0000000008005b2c       0x20 D:\STM32\STM32_lib\SDK_1.0.3_NUCLEO-F401RE\lib_stm\libLibraries.a(ucg_com_msg_api.o)
                0x0000000008005b2c                ucg_com_SetCDLineStatus
 .text.ucg_com_DelayMicroseconds
                0x0000000008005b4c       0x22 D:\STM32\STM32_lib\SDK_1.0.3_NUCLEO-F401RE\lib_stm\libLibraries.a(ucg_com_msg_api.o)
                0x0000000008005b4c                ucg_com_DelayMicroseconds
 .text.ucg_com_DelayMilliseconds
                0x0000000008005b6e       0x2c D:\STM32\STM32_lib\SDK_1.0.3_NUCLEO-F401RE\lib_stm\libLibraries.a(ucg_com_msg_api.o)
                0x0000000008005b6e                ucg_com_DelayMilliseconds
 .text.ucg_com_SendByte
                0x0000000008005b9a       0x24 D:\STM32\STM32_lib\SDK_1.0.3_NUCLEO-F401RE\lib_stm\libLibraries.a(ucg_com_msg_api.o)
                0x0000000008005b9a                ucg_com_SendByte
 .text.ucg_com_SendStringP
                0x0000000008005bbe       0x40 D:\STM32\STM32_lib\SDK_1.0.3_NUCLEO-F401RE\lib_stm\libLibraries.a(ucg_com_msg_api.o)
                0x0000000008005bbe                ucg_com_SendStringP
 .text.ucg_com_SendCmdArg
                0x0000000008005bfe       0x74 D:\STM32\STM32_lib\SDK_1.0.3_NUCLEO-F401RE\lib_stm\libLibraries.a(ucg_com_msg_api.o)
 *fill*         0x0000000008005c72        0x2 
 .text.ucg_com_SendCmdSeq
                0x0000000008005c74      0x278 D:\STM32\STM32_lib\SDK_1.0.3_NUCLEO-F401RE\lib_stm\libLibraries.a(ucg_com_msg_api.o)
                0x0000000008005c74                ucg_com_SendCmdSeq
 .text.sprintf  0x0000000008005eec       0x40 D:/STM32/STM32CubeIDE/STM32CubeIDE_1.13.1/STM32CubeIDE/plugins/com.st.stm32cube.ide.mcu.externaltools.gnu-tools-for-stm32.11.3.rel1.win32_1.1.0.202305231506/tools/bin/../lib/gcc/arm-none-eabi/11.3.1/../../../../arm-none-eabi/lib/thumb/v7e-m+fp/hard\libc_nano.a(libc_a-sprintf.o)
                0x0000000008005eec                siprintf
                0x0000000008005eec                sprintf
 .text.memset   0x0000000008005f2c       0x10 D:/STM32/STM32CubeIDE/STM32CubeIDE_1.13.1/STM32CubeIDE/plugins/com.st.stm32cube.ide.mcu.externaltools.gnu-tools-for-stm32.11.3.rel1.win32_1.1.0.202305231506/tools/bin/../lib/gcc/arm-none-eabi/11.3.1/../../../../arm-none-eabi/lib/thumb/v7e-m+fp/hard\libc_nano.a(libc_a-memset.o)
                0x0000000008005f2c                memset
 .text.__errno  0x0000000008005f3c        0xc D:/STM32/STM32CubeIDE/STM32CubeIDE_1.13.1/STM32CubeIDE/plugins/com.st.stm32cube.ide.mcu.externaltools.gnu-tools-for-stm32.11.3.rel1.win32_1.1.0.202305231506/tools/bin/../lib/gcc/arm-none-eabi/11.3.1/../../../../arm-none-eabi/lib/thumb/v7e-m+fp/hard\libc_nano.a(libc_a-errno.o)
                0x0000000008005f3c                __errno
 .text.__libc_init_array
                0x0000000008005f48       0x48 D:/STM32/STM32CubeIDE/STM32CubeIDE_1.13.1/STM32CubeIDE/plugins/com.st.stm32cube.ide.mcu.externaltools.gnu-tools-for-stm32.11.3.rel1.win32_1.1.0.202305231506/tools/bin/../lib/gcc/arm-none-eabi/11.3.1/../../../../arm-none-eabi/lib/thumb/v7e-m+fp/hard\libc_nano.a(libc_a-init.o)
                0x0000000008005f48                __libc_init_array
 .text.__retarget_lock_acquire_recursive
                0x0000000008005f90        0x2 D:/STM32/STM32CubeIDE/STM32CubeIDE_1.13.1/STM32CubeIDE/plugins/com.st.stm32cube.ide.mcu.externaltools.gnu-tools-for-stm32.11.3.rel1.win32_1.1.0.202305231506/tools/bin/../lib/gcc/arm-none-eabi/11.3.1/../../../../arm-none-eabi/lib/thumb/v7e-m+fp/hard\libc_nano.a(libc_a-lock.o)
                0x0000000008005f90                __retarget_lock_acquire_recursive
 .text.__retarget_lock_release_recursive
                0x0000000008005f92        0x2 D:/STM32/STM32CubeIDE/STM32CubeIDE_1.13.1/STM32CubeIDE/plugins/com.st.stm32cube.ide.mcu.externaltools.gnu-tools-for-stm32.11.3.rel1.win32_1.1.0.202305231506/tools/bin/../lib/gcc/arm-none-eabi/11.3.1/../../../../arm-none-eabi/lib/thumb/v7e-m+fp/hard\libc_nano.a(libc_a-lock.o)
                0x0000000008005f92                __retarget_lock_release_recursive
 .text._free_r  0x0000000008005f94       0x98 D:/STM32/STM32CubeIDE/STM32CubeIDE_1.13.1/STM32CubeIDE/plugins/com.st.stm32cube.ide.mcu.externaltools.gnu-tools-for-stm32.11.3.rel1.win32_1.1.0.202305231506/tools/bin/../lib/gcc/arm-none-eabi/11.3.1/../../../../arm-none-eabi/lib/thumb/v7e-m+fp/hard\libc_nano.a(libc_a-freer.o)
                0x0000000008005f94                _free_r
 .text.sbrk_aligned
                0x000000000800602c       0x40 D:/STM32/STM32CubeIDE/STM32CubeIDE_1.13.1/STM32CubeIDE/plugins/com.st.stm32cube.ide.mcu.externaltools.gnu-tools-for-stm32.11.3.rel1.win32_1.1.0.202305231506/tools/bin/../lib/gcc/arm-none-eabi/11.3.1/../../../../arm-none-eabi/lib/thumb/v7e-m+fp/hard\libc_nano.a(libc_a-mallocr.o)
 .text._malloc_r
                0x000000000800606c      0x100 D:/STM32/STM32CubeIDE/STM32CubeIDE_1.13.1/STM32CubeIDE/plugins/com.st.stm32cube.ide.mcu.externaltools.gnu-tools-for-stm32.11.3.rel1.win32_1.1.0.202305231506/tools/bin/../lib/gcc/arm-none-eabi/11.3.1/../../../../arm-none-eabi/lib/thumb/v7e-m+fp/hard\libc_nano.a(libc_a-mallocr.o)
                0x000000000800606c                _malloc_r
 .text.__malloc_lock
                0x000000000800616c        0xc D:/STM32/STM32CubeIDE/STM32CubeIDE_1.13.1/STM32CubeIDE/plugins/com.st.stm32cube.ide.mcu.externaltools.gnu-tools-for-stm32.11.3.rel1.win32_1.1.0.202305231506/tools/bin/../lib/gcc/arm-none-eabi/11.3.1/../../../../arm-none-eabi/lib/thumb/v7e-m+fp/hard\libc_nano.a(libc_a-mlock.o)
                0x000000000800616c                __malloc_lock
 .text.__malloc_unlock
                0x0000000008006178        0xc D:/STM32/STM32CubeIDE/STM32CubeIDE_1.13.1/STM32CubeIDE/plugins/com.st.stm32cube.ide.mcu.externaltools.gnu-tools-for-stm32.11.3.rel1.win32_1.1.0.202305231506/tools/bin/../lib/gcc/arm-none-eabi/11.3.1/../../../../arm-none-eabi/lib/thumb/v7e-m+fp/hard\libc_nano.a(libc_a-mlock.o)
                0x0000000008006178                __malloc_unlock
 .text.__ssputs_r
                0x0000000008006184       0xb4 D:/STM32/STM32CubeIDE/STM32CubeIDE_1.13.1/STM32CubeIDE/plugins/com.st.stm32cube.ide.mcu.externaltools.gnu-tools-for-stm32.11.3.rel1.win32_1.1.0.202305231506/tools/bin/../lib/gcc/arm-none-eabi/11.3.1/../../../../arm-none-eabi/lib/thumb/v7e-m+fp/hard\libc_nano.a(libc_a-nano-svfprintf.o)
                0x0000000008006184                __ssputs_r
 .text._svfprintf_r
                0x0000000008006238      0x1fc D:/STM32/STM32CubeIDE/STM32CubeIDE_1.13.1/STM32CubeIDE/plugins/com.st.stm32cube.ide.mcu.externaltools.gnu-tools-for-stm32.11.3.rel1.win32_1.1.0.202305231506/tools/bin/../lib/gcc/arm-none-eabi/11.3.1/../../../../arm-none-eabi/lib/thumb/v7e-m+fp/hard\libc_nano.a(libc_a-nano-svfprintf.o)
                0x0000000008006238                _svfiprintf_r
                0x0000000008006238                _svfprintf_r
 .text._printf_common
                0x0000000008006434       0xda D:/STM32/STM32CubeIDE/STM32CubeIDE_1.13.1/STM32CubeIDE/plugins/com.st.stm32cube.ide.mcu.externaltools.gnu-tools-for-stm32.11.3.rel1.win32_1.1.0.202305231506/tools/bin/../lib/gcc/arm-none-eabi/11.3.1/../../../../arm-none-eabi/lib/thumb/v7e-m+fp/hard\libc_nano.a(libc_a-nano-vfprintf_i.o)
                0x0000000008006434                _printf_common
 *fill*         0x000000000800650e        0x2 
 .text._printf_i
                0x0000000008006510      0x244 D:/STM32/STM32CubeIDE/STM32CubeIDE_1.13.1/STM32CubeIDE/plugins/com.st.stm32cube.ide.mcu.externaltools.gnu-tools-for-stm32.11.3.rel1.win32_1.1.0.202305231506/tools/bin/../lib/gcc/arm-none-eabi/11.3.1/../../../../arm-none-eabi/lib/thumb/v7e-m+fp/hard\libc_nano.a(libc_a-nano-vfprintf_i.o)
                0x0000000008006510                _printf_i
 .text.memmove  0x0000000008006754       0x34 D:/STM32/STM32CubeIDE/STM32CubeIDE_1.13.1/STM32CubeIDE/plugins/com.st.stm32cube.ide.mcu.externaltools.gnu-tools-for-stm32.11.3.rel1.win32_1.1.0.202305231506/tools/bin/../lib/gcc/arm-none-eabi/11.3.1/../../../../arm-none-eabi/lib/thumb/v7e-m+fp/hard\libc_nano.a(libc_a-memmove.o)
                0x0000000008006754                memmove
 .text._sbrk_r  0x0000000008006788       0x20 D:/STM32/STM32CubeIDE/STM32CubeIDE_1.13.1/STM32CubeIDE/plugins/com.st.stm32cube.ide.mcu.externaltools.gnu-tools-for-stm32.11.3.rel1.win32_1.1.0.202305231506/tools/bin/../lib/gcc/arm-none-eabi/11.3.1/../../../../arm-none-eabi/lib/thumb/v7e-m+fp/hard\libc_nano.a(libc_a-sbrkr.o)
                0x0000000008006788                _sbrk_r
 .text.memcpy   0x00000000080067a8       0x1c D:/STM32/STM32CubeIDE/STM32CubeIDE_1.13.1/STM32CubeIDE/plugins/com.st.stm32cube.ide.mcu.externaltools.gnu-tools-for-stm32.11.3.rel1.win32_1.1.0.202305231506/tools/bin/../lib/gcc/arm-none-eabi/11.3.1/../../../../arm-none-eabi/lib/thumb/v7e-m+fp/hard\libc_nano.a(libc_a-memcpy-stub.o)
                0x00000000080067a8                memcpy
 .text._realloc_r
                0x00000000080067c4       0x5e D:/STM32/STM32CubeIDE/STM32CubeIDE_1.13.1/STM32CubeIDE/plugins/com.st.stm32cube.ide.mcu.externaltools.gnu-tools-for-stm32.11.3.rel1.win32_1.1.0.202305231506/tools/bin/../lib/gcc/arm-none-eabi/11.3.1/../../../../arm-none-eabi/lib/thumb/v7e-m+fp/hard\libc_nano.a(libc_a-reallocr.o)
                0x00000000080067c4                _realloc_r
 .text._malloc_usable_size_r
                0x0000000008006822       0x10 D:/STM32/STM32CubeIDE/STM32CubeIDE_1.13.1/STM32CubeIDE/plugins/com.st.stm32cube.ide.mcu.externaltools.gnu-tools-for-stm32.11.3.rel1.win32_1.1.0.202305231506/tools/bin/../lib/gcc/arm-none-eabi/11.3.1/../../../../arm-none-eabi/lib/thumb/v7e-m+fp/hard\libc_nano.a(libc_a-msizer.o)
                0x0000000008006822                _malloc_usable_size_r
 *(.glue_7)
 .glue_7        0x0000000008006832        0x0 linker stubs
 *(.glue_7t)
 .glue_7t       0x0000000008006832        0x0 linker stubs
 *(.eh_frame)
 *fill*         0x0000000008006832        0x2 
 .eh_frame      0x0000000008006834        0x0 D:/STM32/STM32CubeIDE/STM32CubeIDE_1.13.1/STM32CubeIDE/plugins/com.st.stm32cube.ide.mcu.externaltools.gnu-tools-for-stm32.11.3.rel1.win32_1.1.0.202305231506/tools/bin/../lib/gcc/arm-none-eabi/11.3.1/thumb/v7e-m+fp/hard/crtbegin.o
 *(.init)
 .init          0x0000000008006834        0x4 D:/STM32/STM32CubeIDE/STM32CubeIDE_1.13.1/STM32CubeIDE/plugins/com.st.stm32cube.ide.mcu.externaltools.gnu-tools-for-stm32.11.3.rel1.win32_1.1.0.202305231506/tools/bin/../lib/gcc/arm-none-eabi/11.3.1/thumb/v7e-m+fp/hard/crti.o
                0x0000000008006834                _init
 .init          0x0000000008006838        0x8 D:/STM32/STM32CubeIDE/STM32CubeIDE_1.13.1/STM32CubeIDE/plugins/com.st.stm32cube.ide.mcu.externaltools.gnu-tools-for-stm32.11.3.rel1.win32_1.1.0.202305231506/tools/bin/../lib/gcc/arm-none-eabi/11.3.1/thumb/v7e-m+fp/hard/crtn.o
 *(.fini)
 .fini          0x0000000008006840        0x4 D:/STM32/STM32CubeIDE/STM32CubeIDE_1.13.1/STM32CubeIDE/plugins/com.st.stm32cube.ide.mcu.externaltools.gnu-tools-for-stm32.11.3.rel1.win32_1.1.0.202305231506/tools/bin/../lib/gcc/arm-none-eabi/11.3.1/thumb/v7e-m+fp/hard/crti.o
                0x0000000008006840                _fini
 .fini          0x0000000008006844        0x8 D:/STM32/STM32CubeIDE/STM32CubeIDE_1.13.1/STM32CubeIDE/plugins/com.st.stm32cube.ide.mcu.externaltools.gnu-tools-for-stm32.11.3.rel1.win32_1.1.0.202305231506/tools/bin/../lib/gcc/arm-none-eabi/11.3.1/thumb/v7e-m+fp/hard/crtn.o
                0x000000000800684c                . = ALIGN (0x4)
                0x000000000800684c                _etext = .

.vfp11_veneer   0x000000000800684c        0x0
 .vfp11_veneer  0x000000000800684c        0x0 linker stubs

.v4_bx          0x000000000800684c        0x0
 .v4_bx         0x000000000800684c        0x0 linker stubs

.iplt           0x000000000800684c        0x0
 .iplt          0x000000000800684c        0x0 D:/STM32/STM32CubeIDE/STM32CubeIDE_1.13.1/STM32CubeIDE/plugins/com.st.stm32cube.ide.mcu.externaltools.gnu-tools-for-stm32.11.3.rel1.win32_1.1.0.202305231506/tools/bin/../lib/gcc/arm-none-eabi/11.3.1/thumb/v7e-m+fp/hard/crtbegin.o

.rodata         0x000000000800684c      0xae4
                0x000000000800684c                . = ALIGN (0x4)
 *(.rodata)
 .rodata        0x000000000800684c      0x106 ./Src/main.o
 *fill*         0x0000000008006952        0x2 
 .rodata        0x0000000008006954        0x5 D:\STM32\STM32_lib\SDK_1.0.3_NUCLEO-F401RE\lib_stm\libLibraries.a(buzzer.o)
 *fill*         0x0000000008006959        0x3 
 .rodata        0x000000000800695c       0x16 D:\STM32\STM32_lib\SDK_1.0.3_NUCLEO-F401RE\lib_stm\libLibraries.a(temhumsensor.o)
 *fill*         0x0000000008006972        0x2 
 .rodata        0x0000000008006974        0xf D:\STM32\STM32_lib\SDK_1.0.3_NUCLEO-F401RE\lib_stm\libLibraries.a(ucg_font.o)
 *fill*         0x0000000008006983        0x1 
 .rodata        0x0000000008006984        0x1 D:\STM32\STM32_lib\SDK_1.0.3_NUCLEO-F401RE\lib_stm\libLibraries.a(button.o)
 *(.rodata*)
 *fill*         0x0000000008006985        0x3 
 .rodata.pinBuzz
                0x0000000008006988        0x8 D:\STM32\STM32_lib\SDK_1.0.3_NUCLEO-F401RE\lib_stm\libLibraries.a(buzzer.o)
 .rodata.ucg_st7735_set_pos_seq
                0x0000000008006990       0x1e D:\STM32\STM32_lib\SDK_1.0.3_NUCLEO-F401RE\lib_stm\libLibraries.a(ucg_dev_ic_st7735.o)
                0x0000000008006990                ucg_st7735_set_pos_seq
 *fill*         0x00000000080069ae        0x2 
 .rodata.ucg_st7735_set_pos_dir0_seq
                0x00000000080069b0       0x1e D:\STM32\STM32_lib\SDK_1.0.3_NUCLEO-F401RE\lib_stm\libLibraries.a(ucg_dev_ic_st7735.o)
                0x00000000080069b0                ucg_st7735_set_pos_dir0_seq
 *fill*         0x00000000080069ce        0x2 
 .rodata.ucg_st7735_set_pos_dir1_seq
                0x00000000080069d0       0x21 D:\STM32\STM32_lib\SDK_1.0.3_NUCLEO-F401RE\lib_stm\libLibraries.a(ucg_dev_ic_st7735.o)
                0x00000000080069d0                ucg_st7735_set_pos_dir1_seq
 *fill*         0x00000000080069f1        0x3 
 .rodata.ucg_st7735_set_pos_dir2_seq
                0x00000000080069f4       0x21 D:\STM32\STM32_lib\SDK_1.0.3_NUCLEO-F401RE\lib_stm\libLibraries.a(ucg_dev_ic_st7735.o)
                0x00000000080069f4                ucg_st7735_set_pos_dir2_seq
 *fill*         0x0000000008006a15        0x3 
 .rodata.ucg_st7735_set_pos_dir3_seq
                0x0000000008006a18       0x24 D:\STM32\STM32_lib\SDK_1.0.3_NUCLEO-F401RE\lib_stm\libLibraries.a(ucg_dev_ic_st7735.o)
                0x0000000008006a18                ucg_st7735_set_pos_dir3_seq
 .rodata.ucg_st7735_power_down_seq
                0x0000000008006a3c        0x7 D:\STM32\STM32_lib\SDK_1.0.3_NUCLEO-F401RE\lib_stm\libLibraries.a(ucg_dev_ic_st7735.o)
 *fill*         0x0000000008006a43        0x1 
 .rodata.ucg_tft_128x160_st7735_init_seq
                0x0000000008006a44       0x2c D:\STM32\STM32_lib\SDK_1.0.3_NUCLEO-F401RE\lib_stm\libLibraries.a(ucg_dev_tft_128x128_st7735.o)
 .rodata.ucg_font_helvR08_tf
                0x0000000008006a70      0x88b D:\STM32\STM32_lib\SDK_1.0.3_NUCLEO-F401RE\lib_stm\libLibraries.a(ucg_pixel_font_data.o)
                0x0000000008006a70                ucg_font_helvR08_tf
 .rodata._svfprintf_r.str1.1
                0x00000000080072fb       0x11 D:/STM32/STM32CubeIDE/STM32CubeIDE_1.13.1/STM32CubeIDE/plugins/com.st.stm32cube.ide.mcu.externaltools.gnu-tools-for-stm32.11.3.rel1.win32_1.1.0.202305231506/tools/bin/../lib/gcc/arm-none-eabi/11.3.1/../../../../arm-none-eabi/lib/thumb/v7e-m+fp/hard\libc_nano.a(libc_a-nano-svfprintf.o)
 .rodata._printf_i.str1.1
                0x000000000800730c       0x22 D:/STM32/STM32CubeIDE/STM32CubeIDE_1.13.1/STM32CubeIDE/plugins/com.st.stm32cube.ide.mcu.externaltools.gnu-tools-for-stm32.11.3.rel1.win32_1.1.0.202305231506/tools/bin/../lib/gcc/arm-none-eabi/11.3.1/../../../../arm-none-eabi/lib/thumb/v7e-m+fp/hard\libc_nano.a(libc_a-nano-vfprintf_i.o)
                0x0000000008007330                . = ALIGN (0x4)
 *fill*         0x000000000800732e        0x2 

.rel.dyn        0x0000000008007330        0x0
 .rel.iplt      0x0000000008007330        0x0 D:/STM32/STM32CubeIDE/STM32CubeIDE_1.13.1/STM32CubeIDE/plugins/com.st.stm32cube.ide.mcu.externaltools.gnu-tools-for-stm32.11.3.rel1.win32_1.1.0.202305231506/tools/bin/../lib/gcc/arm-none-eabi/11.3.1/thumb/v7e-m+fp/hard/crtbegin.o

.ARM.extab      0x0000000008007330        0x0
                0x0000000008007330                . = ALIGN (0x4)
 *(.ARM.extab* .gnu.linkonce.armextab.*)
                0x0000000008007330                . = ALIGN (0x4)

.ARM            0x0000000008007330        0x0
                0x0000000008007330                . = ALIGN (0x4)
                0x0000000008007330                __exidx_start = .
 *(.ARM.exidx*)
                0x0000000008007330                __exidx_end = .
                0x0000000008007330                . = ALIGN (0x4)

.preinit_array  0x0000000008007330        0x0
                0x0000000008007330                . = ALIGN (0x4)
                0x0000000008007330                PROVIDE (__preinit_array_start = .)
 *(.preinit_array*)
                0x0000000008007330                PROVIDE (__preinit_array_end = .)
                0x0000000008007330                . = ALIGN (0x4)

.init_array     0x0000000008007330        0x4
                0x0000000008007330                . = ALIGN (0x4)
                0x0000000008007330                PROVIDE (__init_array_start = .)
 *(SORT_BY_NAME(.init_array.*))
 *(.init_array*)
 .init_array    0x0000000008007330        0x4 D:/STM32/STM32CubeIDE/STM32CubeIDE_1.13.1/STM32CubeIDE/plugins/com.st.stm32cube.ide.mcu.externaltools.gnu-tools-for-stm32.11.3.rel1.win32_1.1.0.202305231506/tools/bin/../lib/gcc/arm-none-eabi/11.3.1/thumb/v7e-m+fp/hard/crtbegin.o
                0x0000000008007334                PROVIDE (__init_array_end = .)
                0x0000000008007334                . = ALIGN (0x4)

.fini_array     0x0000000008007334        0x4
                0x0000000008007334                . = ALIGN (0x4)
                [!provide]                        PROVIDE (__fini_array_start = .)
 *(SORT_BY_NAME(.fini_array.*))
 *(.fini_array*)
 .fini_array    0x0000000008007334        0x4 D:/STM32/STM32CubeIDE/STM32CubeIDE_1.13.1/STM32CubeIDE/plugins/com.st.stm32cube.ide.mcu.externaltools.gnu-tools-for-stm32.11.3.rel1.win32_1.1.0.202305231506/tools/bin/../lib/gcc/arm-none-eabi/11.3.1/thumb/v7e-m+fp/hard/crtbegin.o
                [!provide]                        PROVIDE (__fini_array_end = .)
                0x0000000008007338                . = ALIGN (0x4)
                0x0000000008007338                _sidata = LOADADDR (.data)

.data           0x0000000020000000       0xc0 load address 0x0000000008007338
                0x0000000020000000                . = ALIGN (0x4)
                0x0000000020000000                _sdata = .
 *(.data)
 *(.data*)
 .data.IdTimer  0x0000000020000000        0x1 ./Src/main.o
 *fill*         0x0000000020000001        0x3 
 .data.updateInterval
                0x0000000020000004        0x4 ./Src/main.o
 .data.SystemCoreClock
                0x0000000020000008        0x4 D:\STM32\STM32_lib\SDK_1.0.3_NUCLEO-F401RE\lib_stm\libLibraries.a(system_stm32f4xx.o)
                0x0000000020000008                SystemCoreClock
 .data.AHBPrescTable
                0x000000002000000c       0x10 D:\STM32\STM32_lib\SDK_1.0.3_NUCLEO-F401RE\lib_stm\libLibraries.a(system_stm32f4xx.o)
                0x000000002000000c                AHBPrescTable
 .data.idBuzz   0x000000002000001c        0x1 D:\STM32\STM32_lib\SDK_1.0.3_NUCLEO-F401RE\lib_stm\libLibraries.a(buzzer.o)
 *fill*         0x000000002000001d        0x3 
 .data.pbeep    0x0000000020000020        0x8 D:\STM32\STM32_lib\SDK_1.0.3_NUCLEO-F401RE\lib_stm\libLibraries.a(melody.o)
                0x0000000020000020                pbeep
 .data.g_byTimeWaitGetTemp
                0x0000000020000028        0x1 D:\STM32\STM32_lib\SDK_1.0.3_NUCLEO-F401RE\lib_stm\libLibraries.a(temhumsensor.o)
 .data.g_byTimeWaitGetHumi
                0x0000000020000029        0x1 D:\STM32\STM32_lib\SDK_1.0.3_NUCLEO-F401RE\lib_stm\libLibraries.a(temhumsensor.o)
 .data.idTaskScanDecodeLen
                0x000000002000002a        0x1 D:\STM32\STM32_lib\SDK_1.0.3_NUCLEO-F401RE\lib_stm\libLibraries.a(ucg_font.o)
 *fill*         0x000000002000002b        0x1 
 .data.APBAHBPrescTable
                0x000000002000002c       0x10 D:\STM32\STM32_lib\SDK_1.0.3_NUCLEO-F401RE\lib_stm\libLibraries.a(stm32f401re_rcc.o)
 .data.pinBtnPad
                0x000000002000003c       0x30 D:\STM32\STM32_lib\SDK_1.0.3_NUCLEO-F401RE\lib_stm\libLibraries.a(button.o)
 .data.idTaskScanButton
                0x000000002000006c        0x1 D:\STM32\STM32_lib\SDK_1.0.3_NUCLEO-F401RE\lib_stm\libLibraries.a(button.o)
 *fill*         0x000000002000006d        0x3 
 .data._impure_data
                0x0000000020000070       0x4c D:/STM32/STM32CubeIDE/STM32CubeIDE_1.13.1/STM32CubeIDE/plugins/com.st.stm32cube.ide.mcu.externaltools.gnu-tools-for-stm32.11.3.rel1.win32_1.1.0.202305231506/tools/bin/../lib/gcc/arm-none-eabi/11.3.1/../../../../arm-none-eabi/lib/thumb/v7e-m+fp/hard\libc_nano.a(libc_a-impure.o)
                0x0000000020000070                _impure_data
 .data._impure_ptr
                0x00000000200000bc        0x4 D:/STM32/STM32CubeIDE/STM32CubeIDE_1.13.1/STM32CubeIDE/plugins/com.st.stm32cube.ide.mcu.externaltools.gnu-tools-for-stm32.11.3.rel1.win32_1.1.0.202305231506/tools/bin/../lib/gcc/arm-none-eabi/11.3.1/../../../../arm-none-eabi/lib/thumb/v7e-m+fp/hard\libc_nano.a(libc_a-impure.o)
                0x00000000200000bc                _impure_ptr
 *(.RamFunc)
 *(.RamFunc*)
                0x00000000200000c0                . = ALIGN (0x4)
                0x00000000200000c0                _edata = .

.igot.plt       0x00000000200000c0        0x0 load address 0x00000000080073f8
 .igot.plt      0x00000000200000c0        0x0 D:/STM32/STM32CubeIDE/STM32CubeIDE_1.13.1/STM32CubeIDE/plugins/com.st.stm32cube.ide.mcu.externaltools.gnu-tools-for-stm32.11.3.rel1.win32_1.1.0.202305231506/tools/bin/../lib/gcc/arm-none-eabi/11.3.1/thumb/v7e-m+fp/hard/crtbegin.o
                0x00000000200000c0                . = ALIGN (0x4)

.bss            0x00000000200000c0     0x15c4 load address 0x00000000080073f8
                0x00000000200000c0                _sbss = .
                0x00000000200000c0                __bss_start__ = _sbss
 *(.bss)
 .bss           0x00000000200000c0       0x1c D:/STM32/STM32CubeIDE/STM32CubeIDE_1.13.1/STM32CubeIDE/plugins/com.st.stm32cube.ide.mcu.externaltools.gnu-tools-for-stm32.11.3.rel1.win32_1.1.0.202305231506/tools/bin/../lib/gcc/arm-none-eabi/11.3.1/thumb/v7e-m+fp/hard/crtbegin.o
 *(.bss*)
 .bss.ucg       0x00000000200000dc       0xb4 ./Src/main.o
 .bss.eCurrentState
                0x0000000020000190        0x1 ./Src/main.o
 .bss.levelLed  0x0000000020000191        0x1 ./Src/main.o
 .bss.IdTimerCancle
                0x0000000020000192        0x1 ./Src/main.o
 .bss.count     0x0000000020000193        0x1 ./Src/main.o
 .bss.brightness
                0x0000000020000194        0x1 ./Src/main.o
 *fill*         0x0000000020000195        0x3 
 .bss.src1      0x0000000020000198       0x14 ./Src/main.o
 .bss.src2      0x00000000200001ac       0x14 ./Src/main.o
 .bss.src3      0x00000000200001c0       0x14 ./Src/main.o
 .bss.count_clear
                0x00000000200001d4        0x1 ./Src/main.o
 *fill*         0x00000000200001d5        0x3 
 .bss.lastUpdateTime
                0x00000000200001d8        0x4 ./Src/main.o
 .bss.button1count.3
                0x00000000200001dc        0x1 ./Src/main.o
 .bss.button2count.2
                0x00000000200001dd        0x1 ./Src/main.o
 .bss.button4count.1
                0x00000000200001de        0x1 ./Src/main.o
 .bss.button5count.0
                0x00000000200001df        0x1 ./Src/main.o
 .bss.__sbrk_heap_end
                0x00000000200001e0        0x4 ./Src/sysmem.o
 .bss.bBuzzInit
                0x00000000200001e4        0x1 D:\STM32\STM32_lib\SDK_1.0.3_NUCLEO-F401RE\lib_stm\libLibraries.a(buzzer.o)
 *fill*         0x00000000200001e5        0x3 
 .bss.gpToneList
                0x00000000200001e8        0x4 D:\STM32\STM32_lib\SDK_1.0.3_NUCLEO-F401RE\lib_stm\libLibraries.a(buzzer.o)
 .bss.g_brightnessLed
                0x00000000200001ec        0x1 D:\STM32\STM32_lib\SDK_1.0.3_NUCLEO-F401RE\lib_stm\libLibraries.a(led.o)
 *fill*         0x00000000200001ed        0x3 
 .bss.pAppStateFunc
                0x00000000200001f0        0x4 D:\STM32\STM32_lib\SDK_1.0.3_NUCLEO-F401RE\lib_stm\libLibraries.a(eventman.o)
 .bss.pBuffEvent
                0x00000000200001f4      0x100 D:\STM32\STM32_lib\SDK_1.0.3_NUCLEO-F401RE\lib_stm\libLibraries.a(eventman.o)
 .bss.eventQueue
                0x00000000200002f4       0x10 D:\STM32\STM32_lib\SDK_1.0.3_NUCLEO-F401RE\lib_stm\libLibraries.a(eventman.o)
 .bss.g_pTimerHandle
                0x0000000020000304      0x180 D:\STM32\STM32_lib\SDK_1.0.3_NUCLEO-F401RE\lib_stm\libLibraries.a(timer.o)
 .bss.g_wMilSecTickTimer
                0x0000000020000484        0x4 D:\STM32\STM32_lib\SDK_1.0.3_NUCLEO-F401RE\lib_stm\libLibraries.a(timer.o)
 .bss.uhADCConvertedValue
                0x0000000020000488        0x2 D:\STM32\STM32_lib\SDK_1.0.3_NUCLEO-F401RE\lib_stm\libLibraries.a(lightsensor.o)
 *fill*         0x000000002000048a        0x2 
 .bss.g_pUartQueueRx
                0x000000002000048c        0x8 D:\STM32\STM32_lib\SDK_1.0.3_NUCLEO-F401RE\lib_stm\libLibraries.a(serial.o)
 .bss.fontQueue
                0x0000000020000494       0x10 D:\STM32\STM32_lib\SDK_1.0.3_NUCLEO-F401RE\lib_stm\libLibraries.a(ucg_font.o)
 .bss.pQueueFont
                0x00000000200004a4     0x1000 D:\STM32\STM32_lib\SDK_1.0.3_NUCLEO-F401RE\lib_stm\libLibraries.a(ucg_font.o)
 .bss.next.7562
                0x00000000200014a4        0x1 D:\STM32\STM32_lib\SDK_1.0.3_NUCLEO-F401RE\lib_stm\libLibraries.a(ucg_font.o)
 *fill*         0x00000000200014a5        0x3 
 .bss.kpad      0x00000000200014a8       0x78 D:\STM32\STM32_lib\SDK_1.0.3_NUCLEO-F401RE\lib_stm\libLibraries.a(button.o)
 .bss.pEventCallbacks
                0x0000000020001520       0x10 D:\STM32\STM32_lib\SDK_1.0.3_NUCLEO-F401RE\lib_stm\libLibraries.a(button.o)
 .bss.__sf      0x0000000020001530      0x138 D:/STM32/STM32CubeIDE/STM32CubeIDE_1.13.1/STM32CubeIDE/plugins/com.st.stm32cube.ide.mcu.externaltools.gnu-tools-for-stm32.11.3.rel1.win32_1.1.0.202305231506/tools/bin/../lib/gcc/arm-none-eabi/11.3.1/../../../../arm-none-eabi/lib/thumb/v7e-m+fp/hard\libc_nano.a(libc_a-findfp.o)
                0x0000000020001530                __sf
 .bss.errno     0x0000000020001668        0x4 D:/STM32/STM32CubeIDE/STM32CubeIDE_1.13.1/STM32CubeIDE/plugins/com.st.stm32cube.ide.mcu.externaltools.gnu-tools-for-stm32.11.3.rel1.win32_1.1.0.202305231506/tools/bin/../lib/gcc/arm-none-eabi/11.3.1/../../../../arm-none-eabi/lib/thumb/v7e-m+fp/hard\libc_nano.a(libc_a-reent.o)
                0x0000000020001668                errno
 .bss.__lock___malloc_recursive_mutex
                0x000000002000166c        0x1 D:/STM32/STM32CubeIDE/STM32CubeIDE_1.13.1/STM32CubeIDE/plugins/com.st.stm32cube.ide.mcu.externaltools.gnu-tools-for-stm32.11.3.rel1.win32_1.1.0.202305231506/tools/bin/../lib/gcc/arm-none-eabi/11.3.1/../../../../arm-none-eabi/lib/thumb/v7e-m+fp/hard\libc_nano.a(libc_a-lock.o)
                0x000000002000166c                __lock___malloc_recursive_mutex
 *fill*         0x000000002000166d        0x3 
 .bss.__malloc_free_list
                0x0000000020001670        0x4 D:/STM32/STM32CubeIDE/STM32CubeIDE_1.13.1/STM32CubeIDE/plugins/com.st.stm32cube.ide.mcu.externaltools.gnu-tools-for-stm32.11.3.rel1.win32_1.1.0.202305231506/tools/bin/../lib/gcc/arm-none-eabi/11.3.1/../../../../arm-none-eabi/lib/thumb/v7e-m+fp/hard\libc_nano.a(libc_a-mallocr.o)
                0x0000000020001670                __malloc_free_list
 .bss.__malloc_sbrk_start
                0x0000000020001674        0x4 D:/STM32/STM32CubeIDE/STM32CubeIDE_1.13.1/STM32CubeIDE/plugins/com.st.stm32cube.ide.mcu.externaltools.gnu-tools-for-stm32.11.3.rel1.win32_1.1.0.202305231506/tools/bin/../lib/gcc/arm-none-eabi/11.3.1/../../../../arm-none-eabi/lib/thumb/v7e-m+fp/hard\libc_nano.a(libc_a-mallocr.o)
                0x0000000020001674                __malloc_sbrk_start
 *(COMMON)
 COMMON         0x0000000020001678        0xc D:\STM32\STM32_lib\SDK_1.0.3_NUCLEO-F401RE\lib_stm\libLibraries.a(ucg_font.o)
                0x0000000020001678                ucg_draw_str
                0x0000000020001684                . = ALIGN (0x4)
                0x0000000020001684                _ebss = .
                0x0000000020001684                __bss_end__ = _ebss

._user_heap_stack
                0x0000000020001684      0x604 load address 0x00000000080073f8
                0x0000000020001688                . = ALIGN (0x8)
 *fill*         0x0000000020001684        0x4 
                [!provide]                        PROVIDE (end = .)
                0x0000000020001688                PROVIDE (_end = .)
                0x0000000020001888                . = (. + _Min_Heap_Size)
 *fill*         0x0000000020001688      0x200 
                0x0000000020001c88                . = (. + _Min_Stack_Size)
 *fill*         0x0000000020001888      0x400 
                0x0000000020001c88                . = ALIGN (0x8)

/DISCARD/
 libc.a(*)
 libm.a(*)
 libgcc.a(*)

.ARM.attributes
                0x0000000000000000       0x30
 *(.ARM.attributes)
 .ARM.attributes
                0x0000000000000000       0x1e D:/STM32/STM32CubeIDE/STM32CubeIDE_1.13.1/STM32CubeIDE/plugins/com.st.stm32cube.ide.mcu.externaltools.gnu-tools-for-stm32.11.3.rel1.win32_1.1.0.202305231506/tools/bin/../lib/gcc/arm-none-eabi/11.3.1/thumb/v7e-m+fp/hard/crti.o
 .ARM.attributes
                0x000000000000001e       0x34 D:/STM32/STM32CubeIDE/STM32CubeIDE_1.13.1/STM32CubeIDE/plugins/com.st.stm32cube.ide.mcu.externaltools.gnu-tools-for-stm32.11.3.rel1.win32_1.1.0.202305231506/tools/bin/../lib/gcc/arm-none-eabi/11.3.1/thumb/v7e-m+fp/hard/crtbegin.o
 .ARM.attributes
                0x0000000000000052       0x34 ./Src/main.o
 .ARM.attributes
                0x0000000000000086       0x34 ./Src/sysmem.o
 .ARM.attributes
                0x00000000000000ba       0x21 ./Startup/startup_stm32f401retx.o
 .ARM.attributes
                0x00000000000000db       0x39 D:\STM32\STM32_lib\SDK_1.0.3_NUCLEO-F401RE\lib_stm\libLibraries.a(system_stm32f4xx.o)
 .ARM.attributes
                0x0000000000000114       0x39 D:\STM32\STM32_lib\SDK_1.0.3_NUCLEO-F401RE\lib_stm\libLibraries.a(eventbutton.o)
 .ARM.attributes
                0x000000000000014d       0x39 D:\STM32\STM32_lib\SDK_1.0.3_NUCLEO-F401RE\lib_stm\libLibraries.a(buzzer.o)
 .ARM.attributes
                0x0000000000000186       0x39 D:\STM32\STM32_lib\SDK_1.0.3_NUCLEO-F401RE\lib_stm\libLibraries.a(melody.o)
 .ARM.attributes
                0x00000000000001bf       0x39 D:\STM32\STM32_lib\SDK_1.0.3_NUCLEO-F401RE\lib_stm\libLibraries.a(led.o)
 .ARM.attributes
                0x00000000000001f8       0x39 D:\STM32\STM32_lib\SDK_1.0.3_NUCLEO-F401RE\lib_stm\libLibraries.a(eventman.o)
 .ARM.attributes
                0x0000000000000231       0x39 D:\STM32\STM32_lib\SDK_1.0.3_NUCLEO-F401RE\lib_stm\libLibraries.a(timer.o)
 .ARM.attributes
                0x000000000000026a       0x39 D:\STM32\STM32_lib\SDK_1.0.3_NUCLEO-F401RE\lib_stm\libLibraries.a(lightsensor.o)
 .ARM.attributes
                0x00000000000002a3       0x39 D:\STM32\STM32_lib\SDK_1.0.3_NUCLEO-F401RE\lib_stm\libLibraries.a(temhumsensor.o)
 .ARM.attributes
                0x00000000000002dc       0x39 D:\STM32\STM32_lib\SDK_1.0.3_NUCLEO-F401RE\lib_stm\libLibraries.a(serial.o)
 .ARM.attributes
                0x0000000000000315       0x39 D:\STM32\STM32_lib\SDK_1.0.3_NUCLEO-F401RE\lib_stm\libLibraries.a(Ucglib.o)
 .ARM.attributes
                0x000000000000034e       0x39 D:\STM32\STM32_lib\SDK_1.0.3_NUCLEO-F401RE\lib_stm\libLibraries.a(ucg_box.o)
 .ARM.attributes
                0x0000000000000387       0x39 D:\STM32\STM32_lib\SDK_1.0.3_NUCLEO-F401RE\lib_stm\libLibraries.a(ucg_ccs.o)
 .ARM.attributes
                0x00000000000003c0       0x39 D:\STM32\STM32_lib\SDK_1.0.3_NUCLEO-F401RE\lib_stm\libLibraries.a(ucg_dev_default_cb.o)
 .ARM.attributes
                0x00000000000003f9       0x39 D:\STM32\STM32_lib\SDK_1.0.3_NUCLEO-F401RE\lib_stm\libLibraries.a(ucg_dev_ic_st7735.o)
 .ARM.attributes
                0x0000000000000432       0x39 D:\STM32\STM32_lib\SDK_1.0.3_NUCLEO-F401RE\lib_stm\libLibraries.a(ucg_dev_msg_api.o)
 .ARM.attributes
                0x000000000000046b       0x39 D:\STM32\STM32_lib\SDK_1.0.3_NUCLEO-F401RE\lib_stm\libLibraries.a(ucg_dev_tft_128x128_st7735.o)
 .ARM.attributes
                0x00000000000004a4       0x39 D:\STM32\STM32_lib\SDK_1.0.3_NUCLEO-F401RE\lib_stm\libLibraries.a(ucg_font.o)
 .ARM.attributes
                0x00000000000004dd       0x39 D:\STM32\STM32_lib\SDK_1.0.3_NUCLEO-F401RE\lib_stm\libLibraries.a(ucg_init.o)
 .ARM.attributes
                0x0000000000000516       0x39 D:\STM32\STM32_lib\SDK_1.0.3_NUCLEO-F401RE\lib_stm\libLibraries.a(ucg_line.o)
 .ARM.attributes
                0x000000000000054f       0x39 D:\STM32\STM32_lib\SDK_1.0.3_NUCLEO-F401RE\lib_stm\libLibraries.a(ucg_pixel.o)
 .ARM.attributes
                0x0000000000000588       0x39 D:\STM32\STM32_lib\SDK_1.0.3_NUCLEO-F401RE\lib_stm\libLibraries.a(ucg_pixel_font_data.o)
 .ARM.attributes
                0x00000000000005c1       0x39 D:\STM32\STM32_lib\SDK_1.0.3_NUCLEO-F401RE\lib_stm\libLibraries.a(ucg_rotate.o)
 .ARM.attributes
                0x00000000000005fa       0x39 D:\STM32\STM32_lib\SDK_1.0.3_NUCLEO-F401RE\lib_stm\libLibraries.a(buff.o)
 .ARM.attributes
                0x0000000000000633       0x39 D:\STM32\STM32_lib\SDK_1.0.3_NUCLEO-F401RE\lib_stm\libLibraries.a(utilities.o)
 .ARM.attributes
                0x000000000000066c       0x39 D:\STM32\STM32_lib\SDK_1.0.3_NUCLEO-F401RE\lib_stm\libLibraries.a(stm32f401re_adc.o)
 .ARM.attributes
                0x00000000000006a5       0x39 D:\STM32\STM32_lib\SDK_1.0.3_NUCLEO-F401RE\lib_stm\libLibraries.a(stm32f401re_dma.o)
 .ARM.attributes
                0x00000000000006de       0x39 D:\STM32\STM32_lib\SDK_1.0.3_NUCLEO-F401RE\lib_stm\libLibraries.a(stm32f401re_gpio.o)
 .ARM.attributes
                0x0000000000000717       0x39 D:\STM32\STM32_lib\SDK_1.0.3_NUCLEO-F401RE\lib_stm\libLibraries.a(stm32f401re_i2c.o)
 .ARM.attributes
                0x0000000000000750       0x39 D:\STM32\STM32_lib\SDK_1.0.3_NUCLEO-F401RE\lib_stm\libLibraries.a(stm32f401re_rcc.o)
 .ARM.attributes
                0x0000000000000789       0x39 D:\STM32\STM32_lib\SDK_1.0.3_NUCLEO-F401RE\lib_stm\libLibraries.a(stm32f401re_tim.o)
 .ARM.attributes
                0x00000000000007c2       0x39 D:\STM32\STM32_lib\SDK_1.0.3_NUCLEO-F401RE\lib_stm\libLibraries.a(stm32f401re_usart.o)
 .ARM.attributes
                0x00000000000007fb       0x39 D:\STM32\STM32_lib\SDK_1.0.3_NUCLEO-F401RE\lib_stm\libLibraries.a(button.o)
 .ARM.attributes
                0x0000000000000834       0x39 D:\STM32\STM32_lib\SDK_1.0.3_NUCLEO-F401RE\lib_stm\libLibraries.a(ucg_clip.o)
 .ARM.attributes
                0x000000000000086d       0x39 D:\STM32\STM32_lib\SDK_1.0.3_NUCLEO-F401RE\lib_stm\libLibraries.a(ucg_com_msg_api.o)
 .ARM.attributes
                0x00000000000008a6       0x34 D:/STM32/STM32CubeIDE/STM32CubeIDE_1.13.1/STM32CubeIDE/plugins/com.st.stm32cube.ide.mcu.externaltools.gnu-tools-for-stm32.11.3.rel1.win32_1.1.0.202305231506/tools/bin/../lib/gcc/arm-none-eabi/11.3.1/../../../../arm-none-eabi/lib/thumb/v7e-m+fp/hard\libc_nano.a(libc_a-findfp.o)
 .ARM.attributes
                0x00000000000008da       0x34 D:/STM32/STM32CubeIDE/STM32CubeIDE_1.13.1/STM32CubeIDE/plugins/com.st.stm32cube.ide.mcu.externaltools.gnu-tools-for-stm32.11.3.rel1.win32_1.1.0.202305231506/tools/bin/../lib/gcc/arm-none-eabi/11.3.1/../../../../arm-none-eabi/lib/thumb/v7e-m+fp/hard\libc_nano.a(libc_a-sprintf.o)
 .ARM.attributes
                0x000000000000090e       0x34 D:/STM32/STM32CubeIDE/STM32CubeIDE_1.13.1/STM32CubeIDE/plugins/com.st.stm32cube.ide.mcu.externaltools.gnu-tools-for-stm32.11.3.rel1.win32_1.1.0.202305231506/tools/bin/../lib/gcc/arm-none-eabi/11.3.1/../../../../arm-none-eabi/lib/thumb/v7e-m+fp/hard\libc_nano.a(libc_a-memset.o)
 .ARM.attributes
                0x0000000000000942       0x34 D:/STM32/STM32CubeIDE/STM32CubeIDE_1.13.1/STM32CubeIDE/plugins/com.st.stm32cube.ide.mcu.externaltools.gnu-tools-for-stm32.11.3.rel1.win32_1.1.0.202305231506/tools/bin/../lib/gcc/arm-none-eabi/11.3.1/../../../../arm-none-eabi/lib/thumb/v7e-m+fp/hard\libc_nano.a(libc_a-reent.o)
 .ARM.attributes
                0x0000000000000976       0x34 D:/STM32/STM32CubeIDE/STM32CubeIDE_1.13.1/STM32CubeIDE/plugins/com.st.stm32cube.ide.mcu.externaltools.gnu-tools-for-stm32.11.3.rel1.win32_1.1.0.202305231506/tools/bin/../lib/gcc/arm-none-eabi/11.3.1/../../../../arm-none-eabi/lib/thumb/v7e-m+fp/hard\libc_nano.a(libc_a-impure.o)
 .ARM.attributes
                0x00000000000009aa       0x34 D:/STM32/STM32CubeIDE/STM32CubeIDE_1.13.1/STM32CubeIDE/plugins/com.st.stm32cube.ide.mcu.externaltools.gnu-tools-for-stm32.11.3.rel1.win32_1.1.0.202305231506/tools/bin/../lib/gcc/arm-none-eabi/11.3.1/../../../../arm-none-eabi/lib/thumb/v7e-m+fp/hard\libc_nano.a(libc_a-errno.o)
 .ARM.attributes
                0x00000000000009de       0x34 D:/STM32/STM32CubeIDE/STM32CubeIDE_1.13.1/STM32CubeIDE/plugins/com.st.stm32cube.ide.mcu.externaltools.gnu-tools-for-stm32.11.3.rel1.win32_1.1.0.202305231506/tools/bin/../lib/gcc/arm-none-eabi/11.3.1/../../../../arm-none-eabi/lib/thumb/v7e-m+fp/hard\libc_nano.a(libc_a-init.o)
 .ARM.attributes
                0x0000000000000a12       0x34 D:/STM32/STM32CubeIDE/STM32CubeIDE_1.13.1/STM32CubeIDE/plugins/com.st.stm32cube.ide.mcu.externaltools.gnu-tools-for-stm32.11.3.rel1.win32_1.1.0.202305231506/tools/bin/../lib/gcc/arm-none-eabi/11.3.1/../../../../arm-none-eabi/lib/thumb/v7e-m+fp/hard\libc_nano.a(libc_a-lock.o)
 .ARM.attributes
                0x0000000000000a46       0x34 D:/STM32/STM32CubeIDE/STM32CubeIDE_1.13.1/STM32CubeIDE/plugins/com.st.stm32cube.ide.mcu.externaltools.gnu-tools-for-stm32.11.3.rel1.win32_1.1.0.202305231506/tools/bin/../lib/gcc/arm-none-eabi/11.3.1/../../../../arm-none-eabi/lib/thumb/v7e-m+fp/hard\libc_nano.a(libc_a-freer.o)
 .ARM.attributes
                0x0000000000000a7a       0x34 D:/STM32/STM32CubeIDE/STM32CubeIDE_1.13.1/STM32CubeIDE/plugins/com.st.stm32cube.ide.mcu.externaltools.gnu-tools-for-stm32.11.3.rel1.win32_1.1.0.202305231506/tools/bin/../lib/gcc/arm-none-eabi/11.3.1/../../../../arm-none-eabi/lib/thumb/v7e-m+fp/hard\libc_nano.a(libc_a-mallocr.o)
 .ARM.attributes
                0x0000000000000aae       0x34 D:/STM32/STM32CubeIDE/STM32CubeIDE_1.13.1/STM32CubeIDE/plugins/com.st.stm32cube.ide.mcu.externaltools.gnu-tools-for-stm32.11.3.rel1.win32_1.1.0.202305231506/tools/bin/../lib/gcc/arm-none-eabi/11.3.1/../../../../arm-none-eabi/lib/thumb/v7e-m+fp/hard\libc_nano.a(libc_a-mlock.o)
 .ARM.attributes
                0x0000000000000ae2       0x34 D:/STM32/STM32CubeIDE/STM32CubeIDE_1.13.1/STM32CubeIDE/plugins/com.st.stm32cube.ide.mcu.externaltools.gnu-tools-for-stm32.11.3.rel1.win32_1.1.0.202305231506/tools/bin/../lib/gcc/arm-none-eabi/11.3.1/../../../../arm-none-eabi/lib/thumb/v7e-m+fp/hard\libc_nano.a(libc_a-nano-svfprintf.o)
 .ARM.attributes
                0x0000000000000b16       0x34 D:/STM32/STM32CubeIDE/STM32CubeIDE_1.13.1/STM32CubeIDE/plugins/com.st.stm32cube.ide.mcu.externaltools.gnu-tools-for-stm32.11.3.rel1.win32_1.1.0.202305231506/tools/bin/../lib/gcc/arm-none-eabi/11.3.1/../../../../arm-none-eabi/lib/thumb/v7e-m+fp/hard\libc_nano.a(libc_a-nano-vfprintf_i.o)
 .ARM.attributes
                0x0000000000000b4a       0x34 D:/STM32/STM32CubeIDE/STM32CubeIDE_1.13.1/STM32CubeIDE/plugins/com.st.stm32cube.ide.mcu.externaltools.gnu-tools-for-stm32.11.3.rel1.win32_1.1.0.202305231506/tools/bin/../lib/gcc/arm-none-eabi/11.3.1/../../../../arm-none-eabi/lib/thumb/v7e-m+fp/hard\libc_nano.a(libc_a-memmove.o)
 .ARM.attributes
                0x0000000000000b7e       0x34 D:/STM32/STM32CubeIDE/STM32CubeIDE_1.13.1/STM32CubeIDE/plugins/com.st.stm32cube.ide.mcu.externaltools.gnu-tools-for-stm32.11.3.rel1.win32_1.1.0.202305231506/tools/bin/../lib/gcc/arm-none-eabi/11.3.1/../../../../arm-none-eabi/lib/thumb/v7e-m+fp/hard\libc_nano.a(libc_a-sbrkr.o)
 .ARM.attributes
                0x0000000000000bb2       0x1c D:/STM32/STM32CubeIDE/STM32CubeIDE_1.13.1/STM32CubeIDE/plugins/com.st.stm32cube.ide.mcu.externaltools.gnu-tools-for-stm32.11.3.rel1.win32_1.1.0.202305231506/tools/bin/../lib/gcc/arm-none-eabi/11.3.1/../../../../arm-none-eabi/lib/thumb/v7e-m+fp/hard\libc_nano.a(libc_a-memchr.o)
 .ARM.attributes
                0x0000000000000bce       0x34 D:/STM32/STM32CubeIDE/STM32CubeIDE_1.13.1/STM32CubeIDE/plugins/com.st.stm32cube.ide.mcu.externaltools.gnu-tools-for-stm32.11.3.rel1.win32_1.1.0.202305231506/tools/bin/../lib/gcc/arm-none-eabi/11.3.1/../../../../arm-none-eabi/lib/thumb/v7e-m+fp/hard\libc_nano.a(libc_a-memcpy-stub.o)
 .ARM.attributes
                0x0000000000000c02       0x34 D:/STM32/STM32CubeIDE/STM32CubeIDE_1.13.1/STM32CubeIDE/plugins/com.st.stm32cube.ide.mcu.externaltools.gnu-tools-for-stm32.11.3.rel1.win32_1.1.0.202305231506/tools/bin/../lib/gcc/arm-none-eabi/11.3.1/../../../../arm-none-eabi/lib/thumb/v7e-m+fp/hard\libc_nano.a(libc_a-reallocr.o)
 .ARM.attributes
                0x0000000000000c36       0x34 D:/STM32/STM32CubeIDE/STM32CubeIDE_1.13.1/STM32CubeIDE/plugins/com.st.stm32cube.ide.mcu.externaltools.gnu-tools-for-stm32.11.3.rel1.win32_1.1.0.202305231506/tools/bin/../lib/gcc/arm-none-eabi/11.3.1/../../../../arm-none-eabi/lib/thumb/v7e-m+fp/hard\libc_nano.a(libc_a-msizer.o)
 .ARM.attributes
                0x0000000000000c6a       0x1e D:/STM32/STM32CubeIDE/STM32CubeIDE_1.13.1/STM32CubeIDE/plugins/com.st.stm32cube.ide.mcu.externaltools.gnu-tools-for-stm32.11.3.rel1.win32_1.1.0.202305231506/tools/bin/../lib/gcc/arm-none-eabi/11.3.1/thumb/v7e-m+fp/hard/crtn.o
OUTPUT(TouchSwitch_MCU_V1.0.0.elf elf32-littlearm)
LOAD linker stubs
LOAD D:/STM32/STM32CubeIDE/STM32CubeIDE_1.13.1/STM32CubeIDE/plugins/com.st.stm32cube.ide.mcu.externaltools.gnu-tools-for-stm32.11.3.rel1.win32_1.1.0.202305231506/tools/bin/../lib/gcc/arm-none-eabi/11.3.1/../../../../arm-none-eabi/lib/thumb/v7e-m+fp/hard\libc.a
LOAD D:/STM32/STM32CubeIDE/STM32CubeIDE_1.13.1/STM32CubeIDE/plugins/com.st.stm32cube.ide.mcu.externaltools.gnu-tools-for-stm32.11.3.rel1.win32_1.1.0.202305231506/tools/bin/../lib/gcc/arm-none-eabi/11.3.1/../../../../arm-none-eabi/lib/thumb/v7e-m+fp/hard\libm.a
LOAD D:/STM32/STM32CubeIDE/STM32CubeIDE_1.13.1/STM32CubeIDE/plugins/com.st.stm32cube.ide.mcu.externaltools.gnu-tools-for-stm32.11.3.rel1.win32_1.1.0.202305231506/tools/bin/../lib/gcc/arm-none-eabi/11.3.1/thumb/v7e-m+fp/hard\libgcc.a

.comment        0x0000000000000000       0xbe
 .comment       0x0000000000000000       0x43 D:/STM32/STM32CubeIDE/STM32CubeIDE_1.13.1/STM32CubeIDE/plugins/com.st.stm32cube.ide.mcu.externaltools.gnu-tools-for-stm32.11.3.rel1.win32_1.1.0.202305231506/tools/bin/../lib/gcc/arm-none-eabi/11.3.1/thumb/v7e-m+fp/hard/crtbegin.o
                                         0x44 (size before relaxing)
 .comment       0x0000000000000043       0x44 ./Src/main.o
 .comment       0x0000000000000043       0x44 ./Src/sysmem.o
 .comment       0x0000000000000043       0x7b D:\STM32\STM32_lib\SDK_1.0.3_NUCLEO-F401RE\lib_stm\libLibraries.a(system_stm32f4xx.o)
                                         0x7c (size before relaxing)
 .comment       0x00000000000000be       0x7c D:\STM32\STM32_lib\SDK_1.0.3_NUCLEO-F401RE\lib_stm\libLibraries.a(eventbutton.o)
 .comment       0x00000000000000be       0x7c D:\STM32\STM32_lib\SDK_1.0.3_NUCLEO-F401RE\lib_stm\libLibraries.a(buzzer.o)
 .comment       0x00000000000000be       0x7c D:\STM32\STM32_lib\SDK_1.0.3_NUCLEO-F401RE\lib_stm\libLibraries.a(melody.o)
 .comment       0x00000000000000be       0x7c D:\STM32\STM32_lib\SDK_1.0.3_NUCLEO-F401RE\lib_stm\libLibraries.a(led.o)
 .comment       0x00000000000000be       0x7c D:\STM32\STM32_lib\SDK_1.0.3_NUCLEO-F401RE\lib_stm\libLibraries.a(eventman.o)
 .comment       0x00000000000000be       0x7c D:\STM32\STM32_lib\SDK_1.0.3_NUCLEO-F401RE\lib_stm\libLibraries.a(timer.o)
 .comment       0x00000000000000be       0x7c D:\STM32\STM32_lib\SDK_1.0.3_NUCLEO-F401RE\lib_stm\libLibraries.a(lightsensor.o)
 .comment       0x00000000000000be       0x7c D:\STM32\STM32_lib\SDK_1.0.3_NUCLEO-F401RE\lib_stm\libLibraries.a(temhumsensor.o)
 .comment       0x00000000000000be       0x7c D:\STM32\STM32_lib\SDK_1.0.3_NUCLEO-F401RE\lib_stm\libLibraries.a(serial.o)
 .comment       0x00000000000000be       0x7c D:\STM32\STM32_lib\SDK_1.0.3_NUCLEO-F401RE\lib_stm\libLibraries.a(Ucglib.o)
 .comment       0x00000000000000be       0x7c D:\STM32\STM32_lib\SDK_1.0.3_NUCLEO-F401RE\lib_stm\libLibraries.a(ucg_box.o)
 .comment       0x00000000000000be       0x7c D:\STM32\STM32_lib\SDK_1.0.3_NUCLEO-F401RE\lib_stm\libLibraries.a(ucg_ccs.o)
 .comment       0x00000000000000be       0x7c D:\STM32\STM32_lib\SDK_1.0.3_NUCLEO-F401RE\lib_stm\libLibraries.a(ucg_dev_default_cb.o)
 .comment       0x00000000000000be       0x7c D:\STM32\STM32_lib\SDK_1.0.3_NUCLEO-F401RE\lib_stm\libLibraries.a(ucg_dev_ic_st7735.o)
 .comment       0x00000000000000be       0x7c D:\STM32\STM32_lib\SDK_1.0.3_NUCLEO-F401RE\lib_stm\libLibraries.a(ucg_dev_msg_api.o)
 .comment       0x00000000000000be       0x7c D:\STM32\STM32_lib\SDK_1.0.3_NUCLEO-F401RE\lib_stm\libLibraries.a(ucg_dev_tft_128x128_st7735.o)
 .comment       0x00000000000000be       0x7c D:\STM32\STM32_lib\SDK_1.0.3_NUCLEO-F401RE\lib_stm\libLibraries.a(ucg_font.o)
 .comment       0x00000000000000be       0x7c D:\STM32\STM32_lib\SDK_1.0.3_NUCLEO-F401RE\lib_stm\libLibraries.a(ucg_init.o)