../Src/main.c:46:6:AppInitCommon	16	static
../Src/main.c:71:13:AppStateManager	16	static
../Src/main.c:93:13:SetStateApp	16	static
../Src/main.c:99:20:GetStateApp	4	static
../Src/main.c:108:6:LoadConfiguration	16	static
../Src/main.c:121:6:blinkLed	16	static
../Src/main.c:141:6:DeviceStateMachine	24	static
../Src/main.c:319:6:LedUp	16	static
../Src/main.c:329:6:LedDown	16	static
../Src/main.c:345:6:Task_multiSensorScan	24	static
../Src/main.c:381:6:cancleTimer	16	static
../Src/main.c:388:6:MultiSensorScan	24	static
../Src/main.c:403:5:main	8	static
